[0;32mI (95) esp_image: segment 0: paddr=00010020 vaddr=3c020020 size=0c858h ( 51288) map[0m
ESP-ROM:esp32s3-20210327
Build:Mar 27 2021
rst:0x15 (USB_UART_CHIP_RESET),boot:0x8 (SPI_FAST_FLASH_BOOT)
Saved PC:0x40056f60
SPIWP:0xee
mode:DIO, clock div:1
load:0x3fce3810,len:0x178c
load:0x403c9700,len:0x4
load:0x403c9704,len:0xcbc
load:0x403cc700,len:0x2d9c
entry 0x403c9914
[0;32mI (26) boot: ESP-IDF v5.2.2 2nd stage bootloader[0m
[0;32mI (27) boot: compile time Jul  7 2024 11:39:34[0m
[0;32mI (27) boot: Multicore bootloader[0m
[0;32mI (30) boot: chip revision: v0.2[0m
[0;32mI (34) boot.esp32s3: Boot SPI Speed : 80MHz[0m
[0;32mI (38) boot.esp32s3: SPI Mode       : DIO[0m
[0;32mI (43) boot.esp32s3: SPI Flash Size : 2MB[0m
[0;32mI (48) boot: Enabling RNG early entropy source...[0m
[0;32mI (53) boot: Partition Table:[0m
[0;32mI (57) boot: ## Label            Usage          Type ST Offset   Length[0m
[0;32mI (64) boot:  0 nvs              WiFi data        01 02 00009000 00006000[0m
[0;32mI (71) boot:  1 phy_init         RF data          01 01 0000f000 00001000[0m
[0;32mI (79) boot:  2 factory          factory app      00 00 00010000 00100000[0m
[0;32mI (86) boot: End of partition table[0m
[0;32mI (91) esp_image: segment 0: paddr=00010020 vaddr=3c020020 size=0c858h ( 51288) map[0m
[0;32mI (108) esp_image: segment 1: paddr=0001c880 vaddr=3fc93d00 size=02a0ch ( 10764) load[0m
[0;32mI (111) esp_image: segment 2: paddr=0001f294 vaddr=40374000 size=00d84h (  3460) load[0m
[0;32mI (117) esp_image: segment 3: paddr=00020020 vaddr=42000020 size=1fb60h (129888) map[0m
[0;32mI (148) esp_image: segment 4: paddr=0003fb88 vaddr=40374d84 size=0ee9ch ( 61084) load[0m
[0;32mI (168) boot: Loaded app from partition at offset 0x10000[0m
[0;32mI (168) boot: Disabling RNG early entropy source...[0m
[0;32mI (179) cpu_start: Multicore app[0m
[0;32mI (189) cpu_start: Pro cpu start user code[0m
[0;32mI (189) cpu_start: cpu freq: 160000000 Hz[0m
[0;32mI (189) cpu_start: Application information:[0m
[0;32mI (192) cpu_start: Project name:     ws2812b_lib[0m
[0;32mI (198) cpu_start: App version:      1[0m
[0;32mI (202) cpu_start: Compile time:     Jul  7 2024 12:10:10[0m
[0;32mI (208) cpu_start: ELF file SHA256:  39723d30a...[0m
[0;32mI (213) cpu_start: ESP-IDF:          v5.2.2[0m
[0;32mI (218) cpu_start: Min chip rev:     v0.0[0m
[0;32mI (223) cpu_start: Max chip rev:     v0.99 [0m
[0;32mI (228) cpu_start: Chip rev:         v0.2[0m
[0;32mI (233) heap_init: Initializing. RAM available for dynamic allocation:[0m
[0;32mI (240) heap_init: At 3FC972F0 len 00052420 (329 KiB): RAM[0m
[0;32mI (246) heap_init: At 3FCE9710 len 00005724 (21 KiB): RAM[0m
[0;32mI (252) heap_init: At 3FCF0000 len 00008000 (32 KiB): DRAM[0m
[0;32mI (258) heap_init: At 600FE010 len 00001FD8 (7 KiB): RTCRAM[0m
[0;32mI (265) spi_flash: detected chip: generic[0m
[0;32mI (269) spi_flash: flash io: dio[0m
[0;33mW (273) spi_flash: Detected size(16384k) larger than the size in the binary image header(2048k). Using the size in the binary image header.[0m
[0;32mI (286) sleep: Configure to isolate all GPIO pins in sleep state[0m
[0;32mI (293) sleep: Enable automatic switching of GPIO sleep configuration[0m
[0;32mI (300) main_task: Started on CPU0[0m
[0;32mI (310) main_task: Calling app_main()[0m
[0;32mI (310) main: Example configured to blink addressable LED![0m
[0;32mI (310) gpio: GPIO[16]| InputEn: 0| OutputEn: 1| OpenDrain: 0| Pullup: 1| Pulldown: 0| Intr:0 [0m

assert failed: populate_matrix main.c:103 (numbersSelected == NUM_SIM)


Backtrace: 0x40375976:0x3fc9adc0 0x4037ae65:0x3fc9ade0 0x40381bdd:0x3fc9ae00 0x4200863e:0x3fc9af20 0x42008655:0x3fc9af40 0x4201eb7f:0x3fc9af60 0x4037b90d:0x3fc9af90




ELF file SHA256: 39723d30a

Rebooting...
ESP-ROM:esp32s3-20210327
Build:Mar 27 2021
rst:0xc (RTC_SW_CPU_RST),boot:0x8 (SPI_FAST_FLASH_BOOT)
Saved PC:0x403758ec
SPIWP:0xee
mode:DIO, clock div:1
load:0x3fce3810,len:0x178c
load:0x403c9700,len:0x4
load:0x403c9704,len:0xcbc
load:0x403cc700,len:0x2d9c
entry 0x403c9914
[0;32mI (26) boot: ESP-IDF v5.2.2 2nd stage bootloader[0m
[0;32mI (26) boot: compile time Jul  7 2024 11:39:34[0m
[0;32mI (26) boot: Multicore bootloader[0m
[0;32mI (29) boot: chip revision: v0.2[0m
[0;32mI (33) boot.esp32s3: Boot SPI Speed : 80MHz[0m
[0;32mI (38) boot.esp32s3: SPI Mode       : DIO[0m
[0;32mI (43) boot.esp32s3: SPI Flash Size : 2MB[0m
[0;32mI (47) boot: Enabling RNG early entropy source...[0m
[0;32mI (53) boot: Partition Table:[0m
[0;32mI (56) boot: ## Label            Usage          Type ST Offset   Length[0m
[0;32mI (64) boot:  0 nvs              WiFi data        01 02 00009000 00006000[0m
[0;32mI (71) boot:  1 phy_init         RF data          01 01 0000f000 00001000[0m
[0;32mI (78) boot:  2 factory          factory app      00 00 00010000 00100000[0m
[0;32mI (86) boot: End of partition table[0m
[0;32mI (90) esp_image: segment 0: paddr=00010020 vaddr=3c020020 size=0c858h ( 51288) map[0m
[0;32mI (108) esp_image: segment 1: paddr=0001c880 vaddr=3fc93d00 size=02a0ch ( 10764) load[0m
[0;32mI (110) esp_image: segment 2: paddr=0001f294 vaddr=40374000 size=00d84h (  3460) load[0m
[0;32mI (116) esp_image: segment 3: paddr=00020020 vaddr=42000020 size=1fb60h (129888) map[0m
[0;32mI (147) esp_image: segment 4: paddr=0003fb88 vaddr=40374d84 size=0ee9ch ( 61084) load[0m
[0;32mI (167) boot: Loaded app from partition at offset 0x10000[0m
[0;32mI (168) boot: Disabling RNG early entropy source...[0m
[0;32mI (179) cpu_start: Multicore app[0m
[0;32mI (189) cpu_start: Pro cpu start user code[0m
[0;32mI (189) cpu_start: cpu freq: 160000000 Hz[0m
[0;32mI (189) cpu_start: Application information:[0m
[0;32mI (192) cpu_start: Project name:     ws2812b_lib[0m
[0;32mI (197) cpu_start: App version:      1[0m
[0;32mI (201) cpu_start: Compile time:     Jul  7 2024 12:10:10[0m
[0;32mI (208) cpu_start: ELF file SHA256:  39723d30a...[0m
[0;32mI (213) cpu_start: ESP-IDF:          v5.2.2[0m
[0;32mI (218) cpu_start: Min chip rev:     v0.0[0m
[0;32mI (222) cpu_start: Max chip rev:     v0.99 [0m
[0;32mI (227) cpu_start: Chip rev:         v0.2[0m
[0;32mI (232) heap_init: Initializing. RAM available for dynamic allocation:[0m
[0;32mI (239) heap_init: At 3FC972F0 len 00052420 (329 KiB): RAM[0m
[0;32mI (245) heap_init: At 3FCE9710 len 00005724 (21 KiB): RAM[0m
[0;32mI (251) heap_init: At 3FCF0000 len 00008000 (32 KiB): DRAM[0m
[0;32mI (258) heap_init: At 600FE010 len 00001FD8 (7 KiB): RTCRAM[0m
[0;32mI (265) spi_flash: detected chip: generic[0m
[0;32mI (269) spi_flash: flash io: dio[0m
[0;33mW (272) spi_flash: Detected size(16384k) larger than the size in the binary image header(2048k). Using the size in the binary image header.[0m
[0;32mI (286) sleep: Configure to isolate all GPIO pins in sleep state[0m
[0;32mI (293) sleep: Enable automatic switching of GPIO sleep configuration[0m
[0;32mI (300) main_task: Started on CPU0[0m
[0;32mI (310) main_task: Calling app_main()[0m
[0;32mI (310) main: Example configured to blink addressable LED![0m
[0;32mI (310) gpio: GPIO[16]| InputEn: 0| OutputEn: 1| OpenDrain: 0| Pullup: 1| Pulldown: 0| Intr:0 [0m

assert failed: populate_matrix main.c:103 (numbersSelected == NUM_SIM)


Backtrace: 0x40375976:0x3fc9adc0 0x4037ae65:0x3fc9ade0 0x40381bdd:0x3fc9ae00 0x4200863e:0x3fc9af20 0x42008655:0x3fc9af40 0x4201eb7f:0x3fc9af60 0x4037b90d:0x3fc9af90




ELF file SHA256: 39723d30a

Rebooting...
ESP-ROM:esp32s3-20210327
Build:Mar 27 2021
rst:0xc (RTC_SW_CPU_RST),boot:0x8 (SPI_FAST_FLASH_BOOT)
Saved PC:0x403758ec
SPIWP:0xee
mode:DIO, clock div:1
load:0x3fce3810,len:0x178c
load:0x403c9700,len:0x4
load:0x403c9704,len:0xcbc
load:0x403cc700,len:0x2d9c
entry 0x403c9914
[0;32mI (26) boot: ESP-IDF v5.2.2 2nd stage bootloader[0m
[0;32mI (26) boot: compile time Jul  7 2024 11:39:34[0m
[0;32mI (26) boot: Multicore bootloader[0m
[0;32mI (29) boot: chip revision: v0.2[0m
[0;32mI (33) boot.esp32s3: Boot SPI Speed : 80MHz[0m
[0;32mI (38) boot.esp32s3: SPI Mode       : DIO[0m
[0;32mI (43) boot.esp32s3: SPI Flash Size : 2MB[0m
[0;32mI (47) boot: Enabling RNG early entropy source...[0m
[0;32mI (53) boot: Partition Table:[0m
[0;32mI (56) boot: ## Label            Usage          Type ST Offset   Length[0m
[0;32mI (64) boot:  0 nvs              WiFi data        01 02 00009000 00006000[0m
[0;32mI (71) boot:  1 phy_init         RF data          01 01 0000f000 00001000[0m
[0;32mI (78) boot:  2 factory          factory app      00 00 00010000 00100000[0m
[0;32mI (86) boot: End of partition table[0m
[0;32mI (90) esp_image: segment 0: paddr=00010020 vaddr=3c020020 size=0c858h ( 51288) map[0m
[0;32mI (108) esp_image: segment 1: paddr=0001c880 vaddr=3fc93d00 size=02a0ch ( 10764) load[0m
[0;32mI (110) esp_image: segment 2: paddr=0001f294 vaddr=40374000 size=00d84h (  3460) load[0m
[0;32mI (116) esp_image: segment 3: paddr=00020020 vaddr=42000020 size=1fb60h (129888) map[0m
[0;32mI (147) esp_image: segment 4: paddr=0003fb88 vaddr=40374d84 size=0ee9ch ( 61084) load[0m
[0;32mI (167) boot: Loaded app from partition at offset 0x10000[0m
[0;32mI (168) boot: Disabling RNG early entropy source...[0m
[0;32mI (179) cpu_start: Multicore app[0m
[0;32mI (189) cpu_start: Pro cpu start user code[0m
[0;32mI (189) cpu_start: cpu freq: 160000000 Hz[0m
[0;32mI (189) cpu_start: Application information:[0m
[0;32mI (192) cpu_start: Project name:     ws2812b_lib[0m
[0;32mI (197) cpu_start: App version:      1[0m
[0;32mI (201) cpu_start: Compile time:     Jul  7 2024 12:10:10[0m
[0;32mI (208) cpu_start: ELF file SHA256:  39723d30a...[0m
[0;32mI (213) cpu_start: ESP-IDF:          v5.2.2[0m
[0;32mI (218) cpu_start: Min chip rev:     v0.0[0m
[0;32mI (222) cpu_start: Max chip rev:     v0.99 [0m
[0;32mI (227) cpu_start: Chip rev:         v0.2[0m
[0;32mI (232) heap_init: Initializing. RAM available for dynamic allocation:[0m
[0;32mI (239) heap_init: At 3FC972F0 len 00052420 (329 KiB): RAM[0m
[0;32mI (245) heap_init: At 3FCE9710 len 00005724 (21 KiB): RAM[0m
[0;32mI (251) heap_init: At 3FCF0000 len 00008000 (32 KiB): DRAM[0m
[0;32mI (258) heap_init: At 600FE010 len 00001FD8 (7 KiB): RTCRAM[0m
[0;32mI (265) spi_flash: detected chip: generic[0m
[0;32mI (269) spi_flash: flash io: dio[0m
[0;33mW (272) spi_flash: Detected size(16384k) larger than the size in the binary image header(2048k). Using the size in the binary image header.[0m
[0;32mI (286) sleep: Configure to isolate all GPIO pins in sleep state[0m
[0;32mI (293) sleep: Enable automatic switching of GPIO sleep configuration[0m
[0;32mI (300) main_task: Started on CPU0[0m
[0;32mI (310) main_task: Calling app_main()[0m
[0;32mI (310) main: Example configured to blink addressable LED![0m
[0;32mI (310) gpio: GPIO[16]| InputEn: 0| OutputEn: 1| OpenDrain: 0| Pullup: 1| Pulldown: 0| Intr:0 [0m

assert failed: populate_matrix main.c:103 (numbersSelected == NUM_SIM)


Backtrace: 0x40375976:0x3fc9adc0 0x4037ae65:0x3fc9ade0 0x40381bdd:0x3fc9ae00 0x4200863e:0x3fc9af20 0x42008655:0x3fc9af40 0x4201eb7f:0x3fc9af60 0x4037b90d:0x3fc9af90




ELF file SHA256: 39723d30a

Rebooting...
ESP-ROM:esp32s3-20210327
Build:Mar 27 2021
rst:0xc (RTC_SW_CPU_RST),boot:0x8 (SPI_FAST_FLASH_BOOT)
Saved PC:0x403758ec
SPIWP:0xee
mode:DIO, clock div:1
load:0x3fce3810,len:0x178c
load:0x403c9700,len:0x4
load:0x403c9704,len:0xcbc
load:0x403cc700,len:0x2d9c
entry 0x403c9914
[0;32mI (26) boot: ESP-IDF v5.2.2 2nd stage bootloader[0m
[0;32mI (26) boot: compile time Jul  7 2024 11:39:34[0m
[0;32mI (26) boot: Multicore bootloader[0m
[0;32mI (29) boot: chip revision: v0.2[0m
[0;32mI (33) boot.esp32s3: Boot SPI Speed : 80MHz[0m
[0;32mI (38) boot.esp32s3: SPI Mode       : DIO[0m
[0;32mI (43) boot.esp32s3: SPI Flash Size : 2MB[0m
[0;32mI (47) boot: Enabling RNG early entropy source...[0m
[0;32mI (53) boot: Partition Table:[0m
[0;32mI (56) boot: ## Label            Usage          Type ST Offset   Length[0m
[0;32mI (64) boot:  0 nvs              WiFi data        01 02 00009000 00006000[0m
[0;32mI (71) boot:  1 phy_init         RF data          01 01 0000f000 00001000[0m
[0;32mI (78) boot:  2 factory          factory app      00 00 00010000 00100000[0m
[0;32mI (86) boot: End of partition table[0m
[0;32mI (90) esp_image: segment 0: paddr=00010020 vaddr=3c020020 size=0c858h ( 51288) map[0m
[0;32mI (108) esp_image: segment 1: paddr=0001c880 vaddr=3fc93d00 size=02a0ch ( 10764) load[0m
[0;32mI (110) esp_image: segment 2: paddr=0001f294 vaddr=40374000 size=00d84h (  3460) load[0m
[0;32mI (116) esp_image: segment 3: paddr=00020020 vaddr=42000020 size=1fb60h (129888) map[0m
[0;32mI (147) esp_image: segment 4: paddr=0003fb88 vaddr=40374d84 size=0ee9ch ( 61084) load[0m
[0;32mI (167) boot: Loaded app from partition at offset 0x10000[0m
[0;32mI (168) boot: Disabling RNG early entropy source...[0m
[0;32mI (179) cpu_start: Multicore app[0m
[0;32mI (189) cpu_start: Pro cpu start user code[0m
[0;32mI (189) cpu_start: cpu freq: 160000000 Hz[0m
[0;32mI (189) cpu_start: Application information:[0m
[0;32mI (192) cpu_start: Project name:     ws2812b_lib[0m
[0;32mI (197) cpu_start: App version:      1[0m
[0;32mI (201) cpu_start: Compile time:     Jul  7 2024 12:10:10[0m
[0;32mI (208) cpu_start: ELF file SHA256:  39723d30a...[0m
[0;32mI (213) cpu_start: ESP-IDF:          v5.2.2[0m
[0;32mI (218) cpu_start: Min chip rev:     v0.0[0m
[0;32mI (222) cpu_start: Max chip rev:     v0.99 [0m
[0;32mI (227) cpu_start: Chip rev:         v0.2[0m
[0;32mI (232) heap_init: Initializing. RAM available for dynamic allocation:[0m
[0;32mI (239) heap_init: At 3FC972F0 len 00052420 (329 KiB): RAM[0m
[0;32mI (245) heap_init: At 3FCE9710 len 00005724 (21 KiB): RAM[0m
[0;32mI (251) heap_init: At 3FCF0000 len 00008000 (32 KiB): DRAM[0m
[0;32mI (258) heap_init: At 600FE010 len 00001FD8 (7 KiB): RTCRAM[0m
[0;32mI (265) spi_flash: detected chip: generic[0m
[0;32mI (269) spi_flash: flash io: dio[0m
[0;33mW (272) spi_flash: Detected size(16384k) larger than the size in the binary image header(2048k). Using the size in the binary image header.[0m
[0;32mI (286) sleep: Configure to isolate all GPIO pins in sleep state[0m
[0;32mI (293) sleep: Enable automatic switching of GPIO sleep configuration[0m
[0;32mI (300) main_task: Started on CPU0[0m
[0;32mI (310) main_task: Calling app_main()[0m
[0;32mI (310) main: Example configured to blink addressable LED![0m
[0;32mI (310) gpio: GPIO[16]| InputEn: 0| OutputEn: 1| OpenDrain: 0| Pullup: 1| Pulldown: 0| Intr:0 [0m

assert failed: populate_matrix main.c:103 (numbersSelected == NUM_SIM)


Backtrace: 0x40375976:0x3fc9adc0 0x4037ae65:0x3fc9ade0 0x40381bdd:0x3fc9ae00 0x4200863e:0x3fc9af20 0x42008655:0x3fc9af40 0x4201eb7f:0x3fc9af60 0x4037b90d:0x3fc9af90




ELF file SHA256: 39723d30a

Rebooting...
ESP-ROM:esp32s3-20210327
Build:Mar 27 2021
rst:0xc (RTC_SW_CPU_RST),boot:0x8 (SPI_FAST_FLASH_BOOT)
Saved PC:0x403758ec
SPIWP:0xee
mode:DIO, clock div:1
load:0x3fce3810,len:0x178c
load:0x403c9700,len:0x4
load:0x403c9704,len:0xcbc
load:0x403cc700,len:0x2d9c
entry 0x403c9914
[0;32mI (26) boot: ESP-IDF v5.2.2 2nd stage bootloader[0m
[0;32mI (26) boot: compile time Jul  7 2024 11:39:34[0m
[0;32mI (26) boot: Multicore bootloader[0m
[0;32mI (29) boot: chip revision: v0.2[0m
[0;32mI (33) boot.esp32s3: Boot SPI Speed : 80MHz[0m
[0;32mI (38) boot.esp32s3: SPI Mode       : DIO[0m
[0;32mI (43) boot.esp32s3: SPI Flash Size : 2MB[0m
[0;32mI (47) boot: Enabling RNG early entropy source...[0m
[0;32mI (53) boot: Partition Table:[0m
[0;32mI (56) boot: ## Label            Usage          Type ST Offset   Length[0m
[0;32mI (64) boot:  0 nvs              WiFi data        01 02 00009000 00006000[0m
[0;32mI (71) boot:  1 phy_init         RF data          01 01 0000f000 00001000[0m
[0;32mI (78) boot:  2 factory          factory app      00 00 00010000 00100000[0m
[0;32mI (86) boot: End of partition table[0m
[0;32mI (90) esp_image: segment 0: paddr=00010020 vaddr=3c020020 size=0c858h ( 51288) map[0m
[0;32mI (108) esp_image: segment 1: paddr=0001c880 vaddr=3fc93d00 size=02a0ch ( 10764) load[0m
[0;32mI (110) esp_image: segment 2: paddr=0001f294 vaddr=40374000 size=00d84h (  3460) load[0m
[0;32mI (116) esp_image: segment 3: paddr=00020020 vaddr=42000020 size=1fb60h (129888) map[0m
[0;32mI (147) esp_image: segment 4: paddr=0003fb88 vaddr=40374d84 size=0ee9ch ( 61084) load[0m
[0;32mI (167) boot: Loaded app from partition at offset 0x10000[0m
[0;32mI (168) boot: Disabling RNG early entropy source...[0m
[0;32mI (179) cpu_start: Multicore app[0m
[0;32mI (189) cpu_start: Pro cpu start user code[0m
[0;32mI (189) cpu_start: cpu freq: 160000000 Hz[0m
[0;32mI (189) cpu_start: Application information:[0m
[0;32mI (192) cpu_start: Project name:     ws2812b_lib[0m
[0;32mI (197) cpu_start: App version:      1[0m
[0;32mI (201) cpu_start: Compile time:     Jul  7 2024 12:10:10[0m
[0;32mI (208) cpu_start: ELF file SHA256:  39723d30a...[0m
[0;32mI (213) cpu_start: ESP-IDF:          v5.2.2[0m
[0;32mI (218) cpu_start: Min chip rev:     v0.0[0m
[0;32mI (222) cpu_start: Max chip rev:     v0.99 [0m
[0;32mI (227) cpu_start: Chip rev:         v0.2[0m
[0;32mI (232) heap_init: Initializing. RAM available for dynamic allocation:[0m
[0;32mI (239) heap_init: At 3FC972F0 len 00052420 (329 KiB): RAM[0m
[0;32mI (245) heap_init: At 3FCE9710 len 00005724 (21 KiB): RAM[0m
[0;32mI (251) heap_init: At 3FCF0000 len 00008000 (32 KiB): DRAM[0m
[0;32mI (258) heap_init: At 600FE010 len 00001FD8 (7 KiB): RTCRAM[0m
[0;32mI (265) spi_flash: detected chip: generic[0m
[0;32mI (269) spi_flash: flash io: dio[0m
[0;33mW (272) spi_flash: Detected size(16384k) larger than the size in the binary image header(2048k). Using the size in the binary image header.[0m
[0;32mI (286) sleep: Configure to isolate all GPIO pins in sleep state[0m
[0;32mI (293) sleep: Enable automatic switching of GPIO sleep configuration[0m
[0;32mI (300) main_task: Started on CPU0[0m
[0;32mI (310) main_task: Calling app_main()[0m
[0;32mI (310) main: Example configured to blink addressable LED![0m
[0;32mI (310) gpio: GPIO[16]| InputEn: 0| OutputEn: 1| OpenDrain: 0| Pullup: 1| Pulldown: 0| Intr:0 [0m

assert failed: populate_matrix main.c:103 (numbersSelected == NUM_SIM)


Backtrace: 0x40375976:0x3fc9adc0 0x4037ae65:0x3fc9ade0 0x40381bdd:0x3fc9ae00 0x4200863e:0x3fc9af20 0x42008655:0x3fc9af40 0x4201eb7f:0x3fc9af60 0x4037b90d:0x3fc9af90




ELF file SHA256: 39723d30a

Rebooting...
ESP-ROM:esp32s3-20210327
Build:Mar 27 2021
rst:0xc (RTC_SW_CPU_RST),boot:0x8 (SPI_FAST_FLASH_BOOT)
Saved PC:0x403758ec
SPIWP:0xee
mode:DIO, clock div:1
load:0x3fce3810,len:0x178c
load:0x403c9700,len:0x4
load:0x403c9704,len:0xcbc
load:0x403cc700,len:0x2d9c
entry 0x403c9914
[0;32mI (26) boot: ESP-IDF v5.2.2 2nd stage bootloader[0m
[0;32mI (26) boot: compile time Jul  7 2024 11:39:34[0m
[0;32mI (26) boot: Multicore bootloader[0m
[0;32mI (29) boot: chip revision: v0.2[0m
[0;32mI (33) boot.esp32s3: Boot SPI Speed : 80MHz[0m
[0;32mI (38) boot.esp32s3: SPI Mode       : DIO[0m
[0;32mI (43) boot.esp32s3: SPI Flash Size : 2MB[0m
[0;32mI (47) boot: Enabling RNG early entropy source...[0m
[0;32mI (53) boot: Partition Table:[0m
[0;32mI (56) boot: ## Label            Usage          Type ST Offset   Length[0m
[0;32mI (64) boot:  0 nvs              WiFi data        01 02 00009000 00006000[0m
[0;32mI (71) boot:  1 phy_init         RF data          01 01 0000f000 00001000[0m
[0;32mI (78) boot:  2 factory          factory app      00 00 00010000 00100000[0m
[0;32mI (86) boot: End of partition table[0m
[0;32mI (90) esp_image: segment 0: paddr=00010020 vaddr=3c020020 size=0c858h ( 51288) map[0m
[0;32mI (108) esp_image: segment 1: paddr=0001c880 vaddr=3fc93d00 size=02a0ch ( 10764) load[0m
[0;32mI (110) esp_image: segment 2: paddr=0001f294 vaddr=40374000 size=00d84h (  3460) load[0m
[0;32mI (116) esp_image: segment 3: paddr=00020020 vaddr=42000020 size=1fb60h (129888) map[0m
[0;32mI (147) esp_image: segment 4: paddr=0003fb88 vaddr=40374d84 size=0ee9ch ( 61084) load[0m
[0;32mI (167) boot: Loaded app from partition at offset 0x10000[0m
[0;32mI (168) boot: Disabling RNG early entropy source...[0m
[0;32mI (179) cpu_start: Multicore app[0m
[0;32mI (189) cpu_start: Pro cpu start user code[0m
[0;32mI (189) cpu_start: cpu freq: 160000000 Hz[0m
[0;32mI (189) cpu_start: Application information:[0m
[0;32mI (192) cpu_start: Project name:     ws2812b_lib[0m
[0;32mI (197) cpu_start: App version:      1[0m
[0;32mI (201) cpu_start: Compile time:     Jul  7 2024 12:10:10[0m
[0;32mI (208) cpu_start: ELF file SHA256:  39723d30a...[0m
[0;32mI (213) cpu_start: ESP-IDF:          v5.2.2[0m
[0;32mI (218) cpu_start: Min chip rev:     v0.0[0m
[0;32mI (222) cpu_start: Max chip rev:     v0.99 [0m
[0;32mI (227) cpu_start: Chip rev:         v0.2[0m
[0;32mI (232) heap_init: Initializing. RAM available for dynamic allocation:[0m
[0;32mI (239) heap_init: At 3FC972F0 len 00052420 (329 KiB): RAM[0m
[0;32mI (245) heap_init: At 3FCE9710 len 00005724 (21 KiB): RAM[0m
[0;32mI (251) heap_init: At 3FCF0000 len 00008000 (32 KiB): DRAM[0m
[0;32mI (258) heap_init: At 600FE010 len 00001FD8 (7 KiB): RTCRAM[0m
[0;32mI (265) spi_flash: detected chip: generic[0m
[0;32mI (269) spi_flash: flash io: dio[0m
[0;33mW (272) spi_flash: Detected size(16384k) larger than the size in the binary image header(2048k). Using the size in the binary image header.[0m
[0;32mI (286) sleep: Configure to isolate all GPIO pins in sleep state[0m
[0;32mI (293) sleep: Enable automatic switching of GPIO sleep configuration[0m
[0;32mI (300) main_task: Started on CPU0[0m
[0;32mI (310) main_task: Calling app_main()[0m
[0;32mI (310) main: Example configured to blink addressable LED![0m
[0;32mI (310) gpio: GPIO[16]| InputEn: 0| OutputEn: 1| OpenDrain: 0| Pullup: 1| Pulldown: 0| Intr:0 [0m

assert failed: populate_matrix main.c:103 (numbersSelected == NUM_SIM)


Backtrace: 0x40375976:0x3fc9adc0 0x4037ae65:0x3fc9ade0 0x40381bdd:0x3fc9ae00 0x4200863e:0x3fc9af20 0x42008655:0x3fc9af40 0x4201eb7f:0x3fc9af60 0x4037b90d:0x3fc9af90




ELF file SHA256: 39723d30a

Rebooting...
ESP-ROM:esp32s3-20210327
Build:Mar 27 2021
rst:0xc (RTC_SW_CPU_RST),boot:0x8 (SPI_FAST_FLASH_BOOT)
Saved PC:0x403758ec
SPIWP:0xee
mode:DIO, clock div:1
load:0x3fce3810,len:0x178c
load:0x403c9700,len:0x4
load:0x403c9704,len:0xcbc
load:0x403cc700,len:0x2d9c
entry 0x403c9914
[0;32mI (26) boot: ESP-IDF v5.2.2 2nd stage bootloader[0m
[0;32mI (26) boot: compile time Jul  7 2024 11:39:34[0m
[0;32mI (26) boot: Multicore bootloader[0m
[0;32mI (29) boot: chip revision: v0.2[0m
[0;32mI (33) boot.esp32s3: Boot SPI Speed : 80MHz[0m
[0;32mI (38) boot.esp32s3: SPI Mode       : DIO[0m
[0;32mI (43) boot.esp32s3: SPI Flash Size : 2MB[0m
[0;32mI (47) boot: Enabling RNG early entropy source...[0m
[0;32mI (53) boot: Partition Table:[0m
[0;32mI (56) boot: ## Label            Usage          Type ST Offset   Length[0m
[0;32mI (64) boot:  0 nvs              WiFi data        01 02 00009000 00006000[0m
[0;32mI (71) boot:  1 phy_init         RF data          01 01 0000f000 00001000[0m
[0;32mI (78) boot:  2 factory          factory app      00 00 00010000 00100000[0m
[0;32mI (86) boot: End of partition table[0m
[0;32mI (90) esp_image: segment 0: paddr=00010020 vaddr=3c020020 size=0c858h ( 51288) map[0m
[0;32mI (108) esp_image: segment 1: paddr=0001c880 vaddr=3fc93d00 size=02a0ch ( 10764) load[0m
[0;32mI (110) esp_image: segment 2: paddr=0001f294 vaddr=40374000 size=00d84h (  3460) load[0m
[0;32mI (116) esp_image: segment 3: paddr=00020020 vaddr=42000020 size=1fb60h (129888) map[0m
[0;32mI (147) esp_image: segment 4: paddr=0003fb88 vaddr=40374d84 size=0ee9ch ( 61084) load[0m
[0;32mI (167) boot: Loaded app from partition at offset 0x10000[0m
[0;32mI (168) boot: Disabling RNG early entropy source...[0m
[0;32mI (179) cpu_start: Multicore app[0m
[0;32mI (189) cpu_start: Pro cpu start user code[0m
[0;32mI (189) cpu_start: cpu freq: 160000000 Hz[0m
[0;32mI (189) cpu_start: Application information:[0m
[0;32mI (192) cpu_start: Project name:     ws2812b_lib[0m
[0;32mI (197) cpu_start: App version:      1[0m
[0;32mI (201) cpu_start: Compile time:     Jul  7 2024 12:10:10[0m
[0;32mI (208) cpu_start: ELF file SHA256:  39723d30a...[0m
[0;32mI (213) cpu_start: ESP-IDF:          v5.2.2[0m
[0;32mI (218) cpu_start: Min chip rev:     v0.0[0m
[0;32mI (222) cpu_start: Max chip rev:     v0.99 [0m
[0;32mI (227) cpu_start: Chip rev:         v0.2[0m
[0;32mI (232) heap_init: Initializing. RAM available for dynamic allocation:[0m
[0;32mI (239) heap_init: At 3FC972F0 len 00052420 (329 KiB): RAM[0m
[0;32mI (245) heap_init: At 3FCE9710 len 00005724 (21 KiB): RAM[0m
[0;32mI (251) heap_init: At 3FCF0000 len 00008000 (32 KiB): DRAM[0m
[0;32mI (258) heap_init: At 600FE010 len 00001FD8 (7 KiB): RTCRAM[0m
[0;32mI (265) spi_flash: detected chip: generic[0m
[0;32mI (269) spi_flash: flash io: dio[0m
[0;33mW (272) spi_flash: Detected size(16384k) larger than the size in the binary image header(2048k). Using the size in the binary image header.[0m
[0;32mI (286) sleep: Configure to isolate all GPIO pins in sleep state[0m
[0;32mI (293) sleep: Enable automatic switching of GPIO sleep configuration[0m
[0;32mI (300) main_task: Started on CPU0[0m
[0;32mI (310) main_task: Calling app_main()[0m
[0;32mI (310) main: Example configured to blink addressable LED![0m
[0;32mI (310) gpio: GPIO[16]| InputEn: 0| OutputEn: 1| OpenDrain: 0| Pullup: 1| Pulldown: 0| Intr:0 [0m

assert failed: populate_matrix main.c:103 (numbersSelected == NUM_SIM)


Backtrace: 0x40375976:0x3fc9adc0 0x4037ae65:0x3fc9ade0 0x40381bdd:0x3fc9ae00 0x4200863e:0x3fc9af20 0x42008655:0x3fc9af40 0x4201eb7f:0x3fc9af60 0x4037b90d:0x3fc9af90




ELF file SHA256: 39723d30a

Rebooting...
ESP-ROM:esp32s3-20210327
Build:Mar 27 2021
rst:0xc (RTC_SW_CPU_RST),boot:0x8 (SPI_FAST_FLASH_BOOT)
Saved PC:0x403758ec
SPIWP:0xee
mode:DIO, clock div:1
load:0x3fce3810,len:0x178c
load:0x403c9700,len:0x4
load:0x403c9704,len:0xcbc
load:0x403cc700,len:0x2d9c
entry 0x403c9914
[0;32mI (26) boot: ESP-IDF v5.2.2 2nd stage bootloader[0m
[0;32mI (26) boot: compile time Jul  7 2024 11:39:34[0m
[0;32mI (26) boot: Multicore bootloader[0m
[0;32mI (29) boot: chip revision: v0.2[0m
[0;32mI (33) boot.esp32s3: Boot SPI Speed : 80MHz[0m
[0;32mI (38) boot.esp32s3: SPI Mode       : DIO[0m
[0;32mI (43) boot.esp32s3: SPI Flash Size : 2MB[0m
[0;32mI (47) boot: Enabling RNG early entropy source...[0m
[0;32mI (53) boot: Partition Table:[0m
[0;32mI (56) boot: ## Label            Usage          Type ST Offset   Length[0m
[0;32mI (64) boot:  0 nvs              WiFi data        01 02 00009000 00006000[0m
[0;32mI (71) boot:  1 phy_init         RF data          01 01 0000f000 00001000[0m
[0;32mI (78) boot:  2 factory          factory app      00 00 00010000 00100000[0m
[0;32mI (86) boot: End of partition table[0m
[0;32mI (90) esp_image: segment 0: paddr=00010020 vaddr=3c020020 size=0c858h ( 51288) map[0m
[0;32mI (108) esp_image: segment 1: paddr=0001c880 vaddr=3fc93d00 size=02a0ch ( 10764) load[0m
[0;32mI (110) esp_image: segment 2: paddr=0001f294 vaddr=40374000 size=00d84h (  3460) load[0m
[0;32mI (116) esp_image: segment 3: paddr=00020020 vaddr=42000020 size=1fb60h (129888) map[0m
[0;32mI (147) esp_image: segment 4: paddr=0003fb88 vaddr=40374d84 size=0ee9ch ( 61084) load[0m
[0;32mI (167) boot: Loaded app from partition at offset 0x10000[0m
[0;32mI (168) boot: Disabling RNG early entropy source...[0m
[0;32mI (179) cpu_start: Multicore app[0m
[0;32mI (189) cpu_start: Pro cpu start user code[0m
[0;32mI (189) cpu_start: cpu freq: 160000000 Hz[0m
[0;32mI (189) cpu_start: Application information:[0m
[0;32mI (192) cpu_start: Project name:     ws2812b_lib[0m
[0;32mI (197) cpu_start: App version:      1[0m
[0;32mI (201) cpu_start: Compile time:     Jul  7 2024 12:10:10[0m
[0;32mI (208) cpu_start: ELF file SHA256:  39723d30a...[0m
[0;32mI (213) cpu_start: ESP-IDF:          v5.2.2[0m
[0;32mI (218) cpu_start: Min chip rev:     v0.0[0m
[0;32mI (222) cpu_start: Max chip rev:     v0.99 [0m
[0;32mI (227) cpu_start: Chip rev:         v0.2[0m
[0;32mI (232) heap_init: Initializing. RAM available for dynamic allocation:[0m
[0;32mI (239) heap_init: At 3FC972F0 len 00052420 (329 KiB): RAM[0m
[0;32mI (245) heap_init: At 3FCE9710 len 00005724 (21 KiB): RAM[0m
[0;32mI (251) heap_init: At 3FCF0000 len 00008000 (32 KiB): DRAM[0m
[0;32mI (258) heap_init: At 600FE010 len 00001FD8 (7 KiB): RTCRAM[0m
[0;32mI (265) spi_flash: detected chip: generic[0m
[0;32mI (269) spi_flash: flash io: dio[0m
[0;33mW (272) spi_flash: Detected size(16384k) larger than the size in the binary image header(2048k). Using the size in the binary image header.[0m
[0;32mI (286) sleep: Configure to isolate all GPIO pins in sleep state[0m
[0;32mI (293) sleep: Enable automatic switching of GPIO sleep configuration[0m
[0;32mI (300) main_task: Started on CPU0[0m
[0;32mI (310) main_task: Calling app_main()[0m
[0;32mI (310) main: Example configured to blink addressable LED![0m
[0;32mI (310) gpio: GPIO[16]| InputEn: 0| OutputEn: 1| OpenDrain: 0| Pullup: 1| Pulldown: 0| Intr:0 [0m

assert failed: populate_matrix main.c:103 (numbersSelected == NUM_SIM)


Backtrace: 0x40375976:0x3fc9adc0 0x4037ae65:0x3fc9ade0 0x40381bdd:0x3fc9ae00 0x4200863e:0x3fc9af20 0x42008655:0x3fc9af40 0x4201eb7f:0x3fc9af60 0x4037b90d:0x3fc9af90




ELF file SHA256: 39723d30a

Rebooting...
ESP-ROM:esp32s3-20210327
Build:Mar 27 2021
rst:0xc (RTC_SW_CPU_RST),boot:0x8 (SPI_FAST_FLASH_BOOT)
Saved PC:0x403758ec
SPIWP:0xee
mode:DIO, clock div:1
load:0x3fce3810,len:0x178c
load:0x403c9700,len:0x4
load:0x403c9704,len:0xcbc
load:0x403cc700,len:0x2d9c
entry 0x403c9914
[0;32mI (26) boot: ESP-IDF v5.2.2 2nd stage bootloader[0m
[0;32mI (26) boot: compile time Jul  7 2024 11:39:34[0m
[0;32mI (26) boot: Multicore bootloader[0m
[0;32mI (29) boot: chip revision: v0.2[0m
[0;32mI (33) boot.esp32s3: Boot SPI Speed : 80MHz[0m
[0;32mI (38) boot.esp32s3: SPI Mode       : DIO[0m
[0;32mI (43) boot.esp32s3: SPI Flash Size : 2MB[0m
[0;32mI (47) boot: Enabling RNG early entropy source...[0m
[0;32mI (53) boot: Partition Table:[0m
[0;32mI (56) boot: ## Label            Usage          Type ST Offset   Length[0m
[0;32mI (64) boot:  0 nvs              WiFi data        01 02 00009000 00006000[0m
[0;32mI (71) boot:  1 phy_init         RF data          01 01 0000f000 00001000[0m
[0;32mI (78) boot:  2 factory          factory app      00 00 00010000 00100000[0m
[0;32mI (86) boot: End of partition table[0m
[0;32mI (90) esp_image: segment 0: paddr=00010020 vaddr=3c020020 size=0c858h ( 51288) map[0m
[0;32mI (108) esp_image: segment 1: paddr=0001c880 vaddr=3fc93d00 size=02a0ch ( 10764) load[0m
[0;32mI (110) esp_image: segment 2: paddr=0001f294 vaddr=40374000 size=00d84h (  3460) load[0m
[0;32mI (116) esp_image: segment 3: paddr=00020020 vaddr=42000020 size=1fb60h (129888) map[0m
[0;32mI (147) esp_image: segment 4: paddr=0003fb88 vaddr=40374d84 size=0ee9ch ( 61084) load[0m
[0;32mI (167) boot: Loaded app from partition at offset 0x10000[0m
[0;32mI (168) boot: Disabling RNG early entropy source...[0m
[0;32mI (179) cpu_start: Multicore app[0m
[0;32mI (189) cpu_start: Pro cpu start user code[0m
[0;32mI (189) cpu_start: cpu freq: 160000000 Hz[0m
[0;32mI (189) cpu_start: Application information:[0m
[0;32mI (192) cpu_start: Project name:     ws2812b_lib[0m
[0;32mI (197) cpu_start: App version:      1[0m
[0;32mI (201) cpu_start: Compile time:     Jul  7 2024 12:10:10[0m
[0;32mI (208) cpu_start: ELF file SHA256:  39723d30a...[0m
[0;32mI (213) cpu_start: ESP-IDF:          v5.2.2[0m
[0;32mI (218) cpu_start: Min chip rev:     v0.0[0m
[0;32mI (222) cpu_start: Max chip rev:     v0.99 [0m
[0;32mI (227) cpu_start: Chip rev:         v0.2[0m
[0;32mI (232) heap_init: Initializing. RAM available for dynamic allocation:[0m
[0;32mI (239) heap_init: At 3FC972F0 len 00052420 (329 KiB): RAM[0m
[0;32mI (245) heap_init: At 3FCE9710 len 00005724 (21 KiB): RAM[0m
[0;32mI (251) heap_init: At 3FCF0000 len 00008000 (32 KiB): DRAM[0m
[0;32mI (258) heap_init: At 600FE010 len 00001FD8 (7 KiB): RTCRAM[0m
[0;32mI (265) spi_flash: detected chip: generic[0m
[0;32mI (269) spi_flash: flash io: dio[0m
[0;33mW (272) spi_flash: Detected size(16384k) larger than the size in the binary image header(2048k). Using the size in the binary image header.[0m
[0;32mI (286) sleep: Configure to isolate all GPIO pins in sleep state[0m
[0;32mI (293) sleep: Enable automatic switching of GPIO sleep configuration[0m
[0;32mI (300) main_task: Started on CPU0[0m
[0;32mI (310) main_task: Calling app_main()[0m
[0;32mI (310) main: Example configured to blink addressable LED![0m
[0;32mI (310) gpio: GPIO[16]| InputEn: 0| OutputEn: 1| OpenDrain: 0| Pullup: 1| Pulldown: 0| Intr:0 [0m

assert failed: populate_matrix main.c:103 (numbersSelected == NUM_SIM)


Backtrace: 0x40375976:0x3fc9adc0 0x4037ae65:0x3fc9ade0 0x40381bdd:0x3fc9ae00 0x4200863e:0x3fc9af20 0x42008655:0x3fc9af40 0x4201eb7f:0x3fc9af60 0x4037b90d:0x3fc9af90




ELF file SHA256: 39723d30a

Rebooting...
ESP-ROM:esp32s3-20210327
Build:Mar 27 2021
rst:0xc (RTC_SW_CPU_RST),boot:0x8 (SPI_FAST_FLASH_BOOT)
Saved PC:0x403758ec
SPIWP:0xee
mode:DIO, clock div:1
load:0x3fce3810,len:0x178c
load:0x403c9700,len:0x4
load:0x403c9704,len:0xcbc
load:0x403cc700,len:0x2d9c
entry 0x403c9914
[0;32mI (26) boot: ESP-IDF v5.2.2 2nd stage bootloader[0m
[0;32mI (26) boot: compile time Jul  7 2024 11:39:34[0m
[0;32mI (26) boot: Multicore bootloader[0m
[0;32mI (29) boot: chip revision: v0.2[0m
[0;32mI (33) boot.esp32s3: Boot SPI Speed : 80MHz[0m
[0;32mI (38) boot.esp32s3: SPI Mode       : DIO[0m
[0;32mI (43) boot.esp32s3: SPI Flash Size : 2MB[0m
[0;32mI (47) boot: Enabling RNG early entropy source...[0m
[0;32mI (53) boot: Partition Table:[0m
[0;32mI (56) boot: ## Label            Usage          Type ST Offset   Length[0m
[0;32mI (64) boot:  0 nvs              WiFi data        01 02 00009000 00006000[0m
[0;32mI (71) boot:  1 phy_init         RF data          01 01 0000f000 00001000[0m
[0;32mI (78) boot:  2 factory          factory app      00 00 00010000 00100000[0m
[0;32mI (86) boot: End of partition table[0m
[0;32mI (90) esp_image: segment 0: paddr=00010020 vaddr=3c020020 size=0c858h ( 51288) map[0m
[0;32mI (108) esp_image: segment 1: paddr=0001c880 vaddr=3fc93d00 size=02a0ch ( 10764) load[0m
[0;32mI (110) esp_image: segment 2: paddr=0001f294 vaddr=40374000 size=00d84h (  3460) load[0m
[0;32mI (116) esp_image: segment 3: paddr=00020020 vaddr=42000020 size=1fb60h (129888) map[0m
[0;32mI (147) esp_image: segment 4: paddr=0003fb88 vaddr=40374d84 size=0ee9ch ( 61084) load[0m
[0;32mI (167) boot: Loaded app from partition at offset 0x10000[0m
[0;32mI (168) boot: Disabling RNG early entropy source...[0m
[0;32mI (179) cpu_start: Multicore app[0m
[0;32mI (189) cpu_start: Pro cpu start user code[0m
[0;32mI (189) cpu_start: cpu freq: 160000000 Hz[0m
[0;32mI (189) cpu_start: Application information:[0m
[0;32mI (192) cpu_start: Project name:     ws2812b_lib[0m
[0;32mI (197) cpu_start: App version:      1[0m
[0;32mI (201) cpu_start: Compile time:     Jul  7 2024 12:10:10[0m
[0;32mI (208) cpu_start: ELF file SHA256:  39723d30a...[0m
[0;32mI (213) cpu_start: ESP-IDF:          v5.2.2[0m
[0;32mI (218) cpu_start: Min chip rev:     v0.0[0m
[0;32mI (222) cpu_start: Max chip rev:     v0.99 [0m
[0;32mI (227) cpu_start: Chip rev:         v0.2[0m
[0;32mI (232) heap_init: Initializing. RAM available for dynamic allocation:[0m
[0;32mI (239) heap_init: At 3FC972F0 len 00052420 (329 KiB): RAM[0m
[0;32mI (245) heap_init: At 3FCE9710 len 00005724 (21 KiB): RAM[0m
[0;32mI (251) heap_init: At 3FCF0000 len 00008000 (32 KiB): DRAM[0m
[0;32mI (258) heap_init: At 600FE010 len 00001FD8 (7 KiB): RTCRAM[0m
[0;32mI (265) spi_flash: detected chip: generic[0m
[0;32mI (269) spi_flash: flash io: dio[0m
[0;33mW (272) spi_flash: Detected size(16384k) larger than the size in the binary image header(2048k). Using the size in the binary image header.[0m
[0;32mI (286) sleep: Configure to isolate all GPIO pins in sleep state[0m
[0;32mI (293) sleep: Enable automatic switching of GPIO sleep configuration[0m
[0;32mI (300) main_task: Started on CPU0[0m
[0;32mI (310) main_task: Calling app_main()[0m
[0;32mI (310) main: Example configured to blink addressable LED![0m
[0;32mI (310) gpio: GPIO[16]| InputEn: 0| OutputEn: 1| OpenDrain: 0| Pullup: 1| Pulldown: 0| Intr:0 [0m

assert failed: populate_matrix main.c:103 (numbersSelected == NUM_SIM)


Backtrace: 0x40375976:0x3fc9adc0 0x4037ae65:0x3fc9ade0 0x40381bdd:0x3fc9ae00 0x4200863e:0x3fc9af20 0x42008655:0x3fc9af40 0x4201eb7f:0x3fc9af60 0x4037b90d:0x3fc9af90




ELF file SHA256: 39723d30a

Rebooting...
ESP-ROM:esp32s3-20210327
Build:Mar 27 2021
rst:0xc (RTC_SW_CPU_RST),boot:0x8 (SPI_FAST_FLASH_BOOT)
Saved PC:0x403758ec
SPIWP:0xee
mode:DIO, clock div:1
load:0x3fce3810,len:0x178c
load:0x403c9700,len:0x4
load:0x403c9704,len:0xcbc
load:0x403cc700,len:0x2d9c
entry 0x403c9914
[0;32mI (26) boot: ESP-IDF v5.2.2 2nd stage bootloader[0m
[0;32mI (26) boot: compile time Jul  7 2024 11:39:34[0m
[0;32mI (26) boot: Multicore bootloader[0m
[0;32mI (29) boot: chip revision: v0.2[0m
[0;32mI (33) boot.esp32s3: Boot SPI Speed : 80MHz[0m
[0;32mI (38) boot.esp32s3: SPI Mode       : DIO[0m
[0;32mI (43) boot.esp32s3: SPI Flash Size : 2MB[0m
[0;32mI (47) boot: Enabling RNG early entropy source...[0m
[0;32mI (53) boot: Partition Table:[0m
[0;32mI (56) boot: ## Label            Usage          Type ST Offset   Length[0m
[0;32mI (64) boot:  0 nvs              WiFi data        01 02 00009000 00006000[0m
[0;32mI (71) boot:  1 phy_init         RF data          01 01 0000f000 00001000[0m
[0;32mI (78) boot:  2 factory          factory app      00 00 00010000 00100000[0m
[0;32mI (86) boot: End of partition table[0m
[0;32mI (90) esp_image: segment 0: paddr=00010020 vaddr=3c020020 size=0c858h ( 51288) map[0m
[0;32mI (108) esp_image: segment 1: paddr=0001c880 vaddr=3fc93d00 size=02a0ch ( 10764) load[0m
[0;32mI (110) esp_image: segment 2: paddr=0001f294 vaddr=40374000 size=00d84h (  3460) load[0m
[0;32mI (116) esp_image: segment 3: paddr=00020020 vaddr=42000020 size=1fb60h (129888) map[0m
[0;32mI (147) esp_image: segment 4: paddr=0003fb88 vaddr=40374d84 size=0ee9ch ( 61084) load[0m
[0;32mI (167) boot: Loaded app from partition at offset 0x10000[0m
[0;32mI (168) boot: Disabling RNG early entropy source...[0m
[0;32mI (179) cpu_start: Multicore app[0m
[0;32mI (189) cpu_start: Pro cpu start user code[0m
[0;32mI (189) cpu_start: cpu freq: 160000000 Hz[0m
[0;32mI (189) cpu_start: Application information:[0m
[0;32mI (192) cpu_start: Project name:     ws2812b_lib[0m
[0;32mI (197) cpu_start: App version:      1[0m
[0;32mI (201) cpu_start: Compile time:     Jul  7 2024 12:10:10[0m
[0;32mI (208) cpu_start: ELF file SHA256:  39723d30a...[0m
[0;32mI (213) cpu_start: ESP-IDF:          v5.2.2[0m
[0;32mI (218) cpu_start: Min chip rev:     v0.0[0m
[0;32mI (222) cpu_start: Max chip rev:     v0.99 [0m
[0;32mI (227) cpu_start: Chip rev:         v0.2[0m
[0;32mI (232) heap_init: Initializing. RAM available for dynamic allocation:[0m
[0;32mI (239) heap_init: At 3FC972F0 len 00052420 (329 KiB): RAM[0m
[0;32mI (245) heap_init: At 3FCE9710 len 00005724 (21 KiB): RAM[0m
[0;32mI (251) heap_init: At 3FCF0000 len 00008000 (32 KiB): DRAM[0m
[0;32mI (258) heap_init: At 600FE010 len 00001FD8 (7 KiB): RTCRAM[0m
[0;32mI (265) spi_flash: detected chip: generic[0m
[0;32mI (269) spi_flash: flash io: dio[0m
[0;33mW (272) spi_flash: Detected size(16384k) larger than the size in the binary image header(2048k). Using the size in the binary image header.[0m
[0;32mI (286) sleep: Configure to isolate all GPIO pins in sleep state[0m
[0;32mI (293) sleep: Enable automatic switching of GPIO sleep configuration[0m
[0;32mI (300) main_task: Started on CPU0[0m
[0;32mI (310) main_task: Calling app_main()[0m
[0;32mI (310) main: Example configured to blink addressable LED![0m
[0;32mI (310) gpio: GPIO[16]| InputEn: 0| OutputEn: 1| OpenDrain: 0| Pullup: 1| Pulldown: 0| Intr:0 [0m

assert failed: populate_matrix main.c:103 (numbersSelected == NUM_SIM)


Backtrace: 0x40375976:0x3fc9adc0 0x4037ae65:0x3fc9ade0 0x40381bdd:0x3fc9ae00 0x4200863e:0x3fc9af20 0x42008655:0x3fc9af40 0x4201eb7f:0x3fc9af60 0x4037b90d:0x3fc9af90




ELF file SHA256: 39723d30a

Rebooting...
ESP-ROM:esp32s3-20210327
Build:Mar 27 2021
rst:0xc (RTC_SW_CPU_RST),boot:0x8 (SPI_FAST_FLASH_BOOT)
Saved PC:0x403758ec
SPIWP:0xee
mode:DIO, clock div:1
load:0x3fce3810,len:0x178c
load:0x403c9700,len:0x4
load:0x403c9704,len:0xcbc
load:0x403cc700,len:0x2d9c
entry 0x403c9914
[0;32mI (26) boot: ESP-IDF v5.2.2 2nd stage bootloader[0m
[0;32mI (26) boot: compile time Jul  7 2024 11:39:34[0m
[0;32mI (26) boot: Multicore bootloader[0m
[0;32mI (29) boot: chip revision: v0.2[0m
[0;32mI (33) boot.esp32s3: Boot SPI Speed : 80MHz[0m
[0;32mI (38) boot.esp32s3: SPI Mode       : DIO[0m
[0;32mI (43) boot.esp32s3: SPI Flash Size : 2MB[0m
[0;32mI (47) boot: Enabling RNG early entropy source...[0m
[0;32mI (53) boot: Partition Table:[0m
[0;32mI (56) boot: ## Label            Usage          Type ST Offset   Length[0m
[0;32mI (64) boot:  0 nvs              WiFi data        01 02 00009000 00006000[0m
[0;32mI (71) boot:  1 phy_init         RF data          01 01 0000f000 00001000[0m
[0;32mI (78) boot:  2 factory          factory app      00 00 00010000 00100000[0m
[0;32mI (86) boot: End of partition table[0m
[0;32mI (90) esp_image: segment 0: paddr=00010020 vaddr=3c020020 size=0c858h ( 51288) map[0m
[0;32mI (108) esp_image: segment 1: paddr=0001c880 vaddr=3fc93d00 size=02a0ch ( 10764) load[0m
[0;32mI (110) esp_image: segment 2: paddr=0001f294 vaddr=40374000 size=00d84h (  3460) load[0m
[0;32mI (116) esp_image: segment 3: paddr=00020020 vaddr=42000020 size=1fb60h (129888) map[0m
[0;32mI (147) esp_image: segment 4: paddr=0003fb88 vaddr=40374d84 size=0ee9ch ( 61084) load[0m
[0;32mI (167) boot: Loaded app from partition at offset 0x10000[0m
[0;32mI (168) boot: Disabling RNG early entropy source...[0m
[0;32mI (179) cpu_start: Multicore app[0m
[0;32mI (189) cpu_start: Pro cpu start user code[0m
[0;32mI (189) cpu_start: cpu freq: 160000000 Hz[0m
[0;32mI (189) cpu_start: Application information:[0m
[0;32mI (192) cpu_start: Project name:     ws2812b_lib[0m
[0;32mI (197) cpu_start: App version:      1[0m
[0;32mI (201) cpu_start: Compile time:     Jul  7 2024 12:10:10[0m
[0;32mI (208) cpu_start: ELF file SHA256:  39723d30a...[0m
[0;32mI (213) cpu_start: ESP-IDF:          v5.2.2[0m
[0;32mI (218) cpu_start: Min chip rev:     v0.0[0m
[0;32mI (222) cpu_start: Max chip rev:     v0.99 [0m
[0;32mI (227) cpu_start: Chip rev:         v0.2[0m
[0;32mI (232) heap_init: Initializing. RAM available for dynamic allocation:[0m
[0;32mI (239) heap_init: At 3FC972F0 len 00052420 (329 KiB): RAM[0m
[0;32mI (245) heap_init: At 3FCE9710 len 00005724 (21 KiB): RAM[0m
[0;32mI (251) heap_init: At 3FCF0000 len 00008000 (32 KiB): DRAM[0m
[0;32mI (258) heap_init: At 600FE010 len 00001FD8 (7 KiB): RTCRAM[0m
[0;32mI (265) spi_flash: detected chip: generic[0m
[0;32mI (269) spi_flash: flash io: dio[0m
[0;33mW (272) spi_flash: Detected size(16384k) larger than the size in the binary image header(2048k). Using the size in the binary image header.[0m
[0;32mI (286) sleep: Configure to isolate all GPIO pins in sleep state[0m
[0;32mI (293) sleep: Enable automatic switching of GPIO sleep configuration[0m
[0;32mI (300) main_task: Started on CPU0[0m
[0;32mI (310) main_task: Calling app_main()[0m
[0;32mI (310) main: Example configured to blink addressable LED![0m
[0;32mI (310) gpio: GPIO[16]| InputEn: 0| OutputEn: 1| OpenDrain: 0| Pullup: 1| Pulldown: 0| Intr:0 [0m

assert failed: populate_matrix main.c:103 (numbersSelected == NUM_SIM)


Backtrace: 0x40375976:0x3fc9adc0 0x4037ae65:0x3fc9ade0 0x40381bdd:0x3fc9ae00 0x4200863e:0x3fc9af20 0x42008655:0x3fc9af40 0x4201eb7f:0x3fc9af60 0x4037b90d:0x3fc9af90




ELF file SHA256: 39723d30a

Rebooting...
ESP-ROM:esp32s3-20210327
Build:Mar 27 2021
rst:0xc (RTC_SW_CPU_RST),boot:0x8 (SPI_FAST_FLASH_BOOT)
Saved PC:0x403758ec
SPIWP:0xee
mode:DIO, clock div:1
load:0x3fce3810,len:0x178c
load:0x403c9700,len:0x4
load:0x403c9704,len:0xcbc
load:0x403cc700,len:0x2d9c
entry 0x403c9914
[0;32mI (26) boot: ESP-IDF v5.2.2 2nd stage bootloader[0m
[0;32mI (26) boot: compile time Jul  7 2024 11:39:34[0m
[0;32mI (26) boot: Multicore bootloader[0m
[0;32mI (29) boot: chip revision: v0.2[0m
[0;32mI (33) boot.esp32s3: Boot SPI Speed : 80MHz[0m
[0;32mI (38) boot.esp32s3: SPI Mode       : DIO[0m
[0;32mI (43) boot.esp32s3: SPI Flash Size : 2MB[0m
[0;32mI (47) boot: Enabling RNG early entropy source...[0m
[0;32mI (53) boot: Partition Table:[0m
[0;32mI (56) boot: ## Label            Usage          Type ST Offset   Length[0m
[0;32mI (64) boot:  0 nvs              WiFi data        01 02 00009000 00006000[0m
[0;32mI (71) boot:  1 phy_init         RF data          01 01 0000f000 00001000[0m
[0;32mI (78) boot:  2 factory          factory app      00 00 00010000 00100000[0m
[0;32mI (86) boot: End of partition table[0m
[0;32mI (90) esp_image: segment 0: paddr=00010020 vaddr=3c020020 size=0c858h ( 51288) map[0m
[0;32mI (108) esp_image: segment 1: paddr=0001c880 vaddr=3fc93d00 size=02a0ch ( 10764) load[0m
[0;32mI (110) esp_image: segment 2: paddr=0001f294 vaddr=40374000 size=00d84h (  3460) load[0m
[0;32mI (116) esp_image: segment 3: paddr=00020020 vaddr=42000020 size=1fb60h (129888) map[0m
[0;32mI (147) esp_image: segment 4: paddr=0003fb88 vaddr=40374d84 size=0ee9ch ( 61084) load[0m
[0;32mI (167) boot: Loaded app from partition at offset 0x10000[0m
[0;32mI (168) boot: Disabling RNG early entropy source...[0m
[0;32mI (179) cpu_start: Multicore app[0m
[0;32mI (189) cpu_start: Pro cpu start user code[0m
[0;32mI (189) cpu_start: cpu freq: 160000000 Hz[0m
[0;32mI (189) cpu_start: Application information:[0m
[0;32mI (192) cpu_start: Project name:     ws2812b_lib[0m
[0;32mI (197) cpu_start: App version:      1[0m
[0;32mI (201) cpu_start: Compile time:     Jul  7 2024 12:10:10[0m
[0;32mI (208) cpu_start: ELF file SHA256:  39723d30a...[0m
[0;32mI (213) cpu_start: ESP-IDF:          v5.2.2[0m
[0;32mI (218) cpu_start: Min chip rev:     v0.0[0m
[0;32mI (222) cpu_start: Max chip rev:     v0.99 [0m
[0;32mI (227) cpu_start: Chip rev:         v0.2[0m
[0;32mI (232) heap_init: Initializing. RAM available for dynamic allocation:[0m
[0;32mI (239) heap_init: At 3FC972F0 len 00052420 (329 KiB): RAM[0m
[0;32mI (245) heap_init: At 3FCE9710 len 00005724 (21 KiB): RAM[0m
[0;32mI (251) heap_init: At 3FCF0000 len 00008000 (32 KiB): DRAM[0m
[0;32mI (258) heap_init: At 600FE010 len 00001FD8 (7 KiB): RTCRAM[0m
[0;32mI (265) spi_flash: detected chip: generic[0m
[0;32mI (269) spi_flash: flash io: dio[0m
[0;33mW (272) spi_flash: Detected size(16384k) larger than the size in the binary image header(2048k). Using the size in the binary image header.[0m
[0;32mI (286) sleep: Configure to isolate all GPIO pins in sleep state[0m
[0;32mI (293) sleep: Enable automatic switching of GPIO sleep configuration[0m
[0;32mI (300) main_task: Started on CPU0[0m
[0;32mI (310) main_task: Calling app_main()[0m
[0;32mI (310) main: Example configured to blink addressable LED![0m
[0;32mI (310) gpio: GPIO[16]| InputEn: 0| OutputEn: 1| OpenDrain: 0| Pullup: 1| Pulldown: 0| Intr:0 [0m

assert failed: populate_matrix main.c:103 (numbersSelected == NUM_SIM)


Backtrace: 0x40375976:0x3fc9adc0 0x4037ae65:0x3fc9ade0 0x40381bdd:0x3fc9ae00 0x4200863e:0x3fc9af20 0x42008655:0x3fc9af40 0x4201eb7f:0x3fc9af60 0x4037b90d:0x3fc9af90




ELF file SHA256: 39723d30a

Rebooting...
ESP-ROM:esp32s3-20210327
Build:Mar 27 2021
rst:0xc (RTC_SW_CPU_RST),boot:0x8 (SPI_FAST_FLASH_BOOT)
Saved PC:0x403758ec
SPIWP:0xee
mode:DIO, clock div:1
load:0x3fce3810,len:0x178c
load:0x403c9700,len:0x4
load:0x403c9704,len:0xcbc
load:0x403cc700,len:0x2d9c
entry 0x403c9914
[0;32mI (26) boot: ESP-IDF v5.2.2 2nd stage bootloader[0m
[0;32mI (26) boot: compile time Jul  7 2024 11:39:34[0m
[0;32mI (26) boot: Multicore bootloader[0m
[0;32mI (29) boot: chip revision: v0.2[0m
[0;32mI (33) boot.esp32s3: Boot SPI Speed : 80MHz[0m
[0;32mI (38) boot.esp32s3: SPI Mode       : DIO[0m
[0;32mI (43) boot.esp32s3: SPI Flash Size : 2MB[0m
[0;32mI (47) boot: Enabling RNG early entropy source...[0m
[0;32mI (53) boot: Partition Table:[0m
[0;32mI (56) boot: ## Label            Usage          Type ST Offset   Length[0m
[0;32mI (64) boot:  0 nvs              WiFi data        01 02 00009000 00006000[0m
[0;32mI (71) boot:  1 phy_init         RF data          01 01 0000f000 00001000[0m
[0;32mI (78) boot:  2 factory          factory app      00 00 00010000 00100000[0m
[0;32mI (86) boot: End of partition table[0m
[0;32mI (90) esp_image: segment 0: paddr=00010020 vaddr=3c020020 size=0c858h ( 51288) map[0m
[0;32mI (108) esp_image: segment 1: paddr=0001c880 vaddr=3fc93d00 size=02a0ch ( 10764) load[0m
[0;32mI (110) esp_image: segment 2: paddr=0001f294 vaddr=40374000 size=00d84h (  3460) load[0m
[0;32mI (116) esp_image: segment 3: paddr=00020020 vaddr=42000020 size=1fb60h (129888) map[0m
[0;32mI (147) esp_image: segment 4: paddr=0003fb88 vaddr=40374d84 size=0ee9ch ( 61084) load[0m
[0;32mI (167) boot: Loaded app from partition at offset 0x10000[0m
[0;32mI (168) boot: Disabling RNG early entropy source...[0m
[0;32mI (179) cpu_start: Multicore app[0m
[0;32mI (189) cpu_start: Pro cpu start user code[0m
[0;32mI (189) cpu_start: cpu freq: 160000000 Hz[0m
[0;32mI (189) cpu_start: Application information:[0m
[0;32mI (192) cpu_start: Project name:     ws2812b_lib[0m
[0;32mI (197) cpu_start: App version:      1[0m
[0;32mI (201) cpu_start: Compile time:     Jul  7 2024 12:10:10[0m
[0;32mI (208) cpu_start: ELF file SHA256:  39723d30a...[0m
[0;32mI (213) cpu_start: ESP-IDF:          v5.2.2[0m
[0;32mI (218) cpu_start: Min chip rev:     v0.0[0m
[0;32mI (222) cpu_start: Max chip rev:     v0.99 [0m
[0;32mI (227) cpu_start: Chip rev:         v0.2[0m
[0;32mI (232) heap_init: Initializing. RAM available for dynamic allocation:[0m
[0;32mI (239) heap_init: At 3FC972F0 len 00052420 (329 KiB): RAM[0m
[0;32mI (245) heap_init: At 3FCE9710 len 00005724 (21 KiB): RAM[0m
[0;32mI (251) heap_init: At 3FCF0000 len 00008000 (32 KiB): DRAM[0m
[0;32mI (258) heap_init: At 600FE010 len 00001FD8 (7 KiB): RTCRAM[0m
[0;32mI (265) spi_flash: detected chip: generic[0m
[0;32mI (269) spi_flash: flash io: dio[0m
[0;33mW (272) spi_flash: Detected size(16384k) larger than the size in the binary image header(2048k). Using the size in the binary image header.[0m
[0;32mI (286) sleep: Configure to isolate all GPIO pins in sleep state[0m
[0;32mI (293) sleep: Enable automatic switching of GPIO sleep configuration[0m
[0;32mI (300) main_task: Started on CPU0[0m
[0;32mI (310) main_task: Calling app_main()[0m
[0;32mI (310) main: Example configured to blink addressable LED![0m
[0;32mI (310) gpio: GPIO[16]| InputEn: 0| OutputEn: 1| OpenDrain: 0| Pullup: 1| Pulldown: 0| Intr:0 [0m

assert failed: populate_matrix main.c:103 (numbersSelected == NUM_SIM)


Backtrace: 0x40375976:0x3fc9adc0 0x4037ae65:0x3fc9ade0 0x40381bdd:0x3fc9ae00 0x4200863e:0x3fc9af20 0x42008655:0x3fc9af40 0x4201eb7f:0x3fc9af60 0x4037b90d:0x3fc9af90




ELF file SHA256: 39723d30a

Rebooting...
ESP-ROM:esp32s3-20210327
Build:Mar 27 2021
rst:0xc (RTC_SW_CPU_RST),boot:0x8 (SPI_FAST_FLASH_BOOT)
Saved PC:0x403758ec
SPIWP:0xee
mode:DIO, clock div:1
load:0x3fce3810,len:0x178c
load:0x403c9700,len:0x4
load:0x403c9704,len:0xcbc
load:0x403cc700,len:0x2d9c
entry 0x403c9914
[0;32mI (26) boot: ESP-IDF v5.2.2 2nd stage bootloader[0m
[0;32mI (26) boot: compile time Jul  7 2024 11:39:34[0m
[0;32mI (26) boot: Multicore bootloader[0m
[0;32mI (29) boot: chip revision: v0.2[0m
[0;32mI (33) boot.esp32s3: Boot SPI Speed : 80MHz[0m
[0;32mI (38) boot.esp32s3: SPI Mode       : DIO[0m
[0;32mI (43) boot.esp32s3: SPI Flash Size : 2MB[0m
[0;32mI (47) boot: Enabling RNG early entropy source...[0m
[0;32mI (53) boot: Partition Table:[0m
[0;32mI (56) boot: ## Label            Usage          Type ST Offset   Length[0m
[0;32mI (64) boot:  0 nvs              WiFi data        01 02 00009000 00006000[0m
[0;32mI (71) boot:  1 phy_init         RF data          01 01 0000f000 00001000[0m
[0;32mI (78) boot:  2 factory          factory app      00 00 00010000 00100000[0m
[0;32mI (86) boot: End of partition table[0m
[0;32mI (90) esp_image: segment 0: paddr=00010020 vaddr=3c020020 size=0c858h ( 51288) map[0m
[0;32mI (108) esp_image: segment 1: paddr=0001c880 vaddr=3fc93d00 size=02a0ch ( 10764) load[0m
[0;32mI (110) esp_image: segment 2: paddr=0001f294 vaddr=40374000 size=00d84h (  3460) load[0m
[0;32mI (116) esp_image: segment 3: paddr=00020020 vaddr=42000020 size=1fb60h (129888) map[0m
[0;32mI (147) esp_image: segment 4: paddr=0003fb88 vaddr=40374d84 size=0ee9ch ( 61084) load[0m
[0;32mI (167) boot: Loaded app from partition at offset 0x10000[0m
[0;32mI (168) boot: Disabling RNG early entropy source...[0m
[0;32mI (179) cpu_start: Multicore app[0m
[0;32mI (189) cpu_start: Pro cpu start user code[0m
[0;32mI (189) cpu_start: cpu freq: 160000000 Hz[0m
[0;32mI (189) cpu_start: Application information:[0m
[0;32mI (192) cpu_start: Project name:     ws2812b_lib[0m
[0;32mI (197) cpu_start: App version:      1[0m
[0;32mI (201) cpu_start: Compile time:     Jul  7 2024 12:10:10[0m
[0;32mI (208) cpu_start: ELF file SHA256:  39723d30a...[0m
[0;32mI (213) cpu_start: ESP-IDF:          v5.2.2[0m
[0;32mI (218) cpu_start: Min chip rev:     v0.0[0m
[0;32mI (222) cpu_start: Max chip rev:     v0.99 [0m
[0;32mI (227) cpu_start: Chip rev:         v0.2[0m
[0;32mI (232) heap_init: Initializing. RAM available for dynamic allocation:[0m
[0;32mI (239) heap_init: At 3FC972F0 len 00052420 (329 KiB): RAM[0m
[0;32mI (245) heap_init: At 3FCE9710 len 00005724 (21 KiB): RAM[0m
[0;32mI (251) heap_init: At 3FCF0000 len 00008000 (32 KiB): DRAM[0m
[0;32mI (258) heap_init: At 600FE010 len 00001FD8 (7 KiB): RTCRAM[0m
[0;32mI (265) spi_flash: detected chip: generic[0m
[0;32mI (269) spi_flash: flash io: dio[0m
[0;33mW (272) spi_flash: Detected size(16384k) larger than the size in the binary image header(2048k). Using the size in the binary image header.[0m
[0;32mI (286) sleep: Configure to isolate all GPIO pins in sleep state[0m
[0;32mI (293) sleep: Enable automatic switching of GPIO sleep configuration[0m
[0;32mI (300) main_task: Started on CPU0[0m
[0;32mI (310) main_task: Calling app_main()[0m
[0;32mI (310) main: Example configured to blink addressable LED![0m
[0;32mI (310) gpio: GPIO[16]| InputEn: 0| OutputEn: 1| OpenDrain: 0| Pullup: 1| Pulldown: 0| Intr:0 [0m

assert failed: populate_matrix main.c:103 (numbersSelected == NUM_SIM)


Backtrace: 0x40375976:0x3fc9adc0 0x4037ae65:0x3fc9ade0 0x40381bdd:0x3fc9ae00 0x4200863e:0x3fc9af20 0x42008655:0x3fc9af40 0x4201eb7f:0x3fc9af60 0x4037b90d:0x3fc9af90




ELF file SHA256: 39723d30a

Rebooting...
ESP-ROM:esp32s3-20210327
Build:Mar 27 2021
rst:0xc (RTC_SW_CPU_RST),boot:0x8 (SPI_FAST_FLASH_BOOT)
Saved PC:0x403758ec
SPIWP:0xee
mode:DIO, clock div:1
load:0x3fce3810,len:0x178c
load:0x403c9700,len:0x4
load:0x403c9704,len:0xcbc
load:0x403cc700,len:0x2d9c
entry 0x403c9914
[0;32mI (26) boot: ESP-IDF v5.2.2 2nd stage bootloader[0m
[0;32mI (26) boot: compile time Jul  7 2024 11:39:34[0m
[0;32mI (26) boot: Multicore bootloader[0m
[0;32mI (29) boot: chip revision: v0.2[0m
[0;32mI (33) boot.esp32s3: Boot SPI Speed : 80MHz[0m
[0;32mI (38) boot.esp32s3: SPI Mode       : DIO[0m
[0;32mI (43) boot.esp32s3: SPI Flash Size : 2MB[0m
[0;32mI (47) boot: Enabling RNG early entropy source...[0m
[0;32mI (53) boot: Partition Table:[0m
[0;32mI (56) boot: ## Label            Usage          Type ST Offset   Length[0m
[0;32mI (64) boot:  0 nvs              WiFi data        01 02 00009000 00006000[0m
[0;32mI (71) boot:  1 phy_init         RF data          01 01 0000f000 00001000[0m
[0;32mI (78) boot:  2 factory          factory app      00 00 00010000 00100000[0m
[0;32mI (86) boot: End of partition table[0m
[0;32mI (90) esp_image: segment 0: paddr=00010020 vaddr=3c020020 size=0c858h ( 51288) map[0m
[0;32mI (108) esp_image: segment 1: paddr=0001c880 vaddr=3fc93d00 size=02a0ch ( 10764) load[0m
[0;32mI (110) esp_image: segment 2: paddr=0001f294 vaddr=40374000 size=00d84h (  3460) load[0m
[0;32mI (116) esp_image: segment 3: paddr=00020020 vaddr=42000020 size=1fb60h (129888) map[0m
[0;32mI (147) esp_image: segment 4: paddr=0003fb88 vaddr=40374d84 size=0ee9ch ( 61084) load[0m
[0;32mI (167) boot: Loaded app from partition at offset 0x10000[0m
[0;32mI (168) boot: Disabling RNG early entropy source...[0m
[0;32mI (179) cpu_start: Multicore app[0m
[0;32mI (189) cpu_start: Pro cpu start user code[0m
[0;32mI (189) cpu_start: cpu freq: 160000000 Hz[0m
[0;32mI (189) cpu_start: Application information:[0m
[0;32mI (192) cpu_start: Project name:     ws2812b_lib[0m
[0;32mI (197) cpu_start: App version:      1[0m
[0;32mI (201) cpu_start: Compile time:     Jul  7 2024 12:10:10[0m
[0;32mI (208) cpu_start: ELF file SHA256:  39723d30a...[0m
[0;32mI (213) cpu_start: ESP-IDF:          v5.2.2[0m
[0;32mI (218) cpu_start: Min chip rev:     v0.0[0m
[0;32mI (222) cpu_start: Max chip rev:     v0.99 [0m
[0;32mI (227) cpu_start: Chip rev:         v0.2[0m
[0;32mI (232) heap_init: Initializing. RAM available for dynamic allocation:[0m
[0;32mI (239) heap_init: At 3FC972F0 len 00052420 (329 KiB): RAM[0m
[0;32mI (245) heap_init: At 3FCE9710 len 00005724 (21 KiB): RAM[0m
[0;32mI (251) heap_init: At 3FCF0000 len 00008000 (32 KiB): DRAM[0m
[0;32mI (258) heap_init: At 600FE010 len 00001FD8 (7 KiB): RTCRAM[0m
[0;32mI (265) spi_flash: detected chip: generic[0m
[0;32mI (269) spi_flash: flash io: dio[0m
[0;33mW (272) spi_flash: Detected size(16384k) larger than the size in the binary image header(2048k). Using the size in the binary image header.[0m
[0;32mI (286) sleep: Configure to isolate all GPIO pins in sleep state[0m
[0;32mI (293) sleep: Enable automatic switching of GPIO sleep configuration[0m
[0;32mI (300) main_task: Started on CPU0[0m
[0;32mI (310) main_task: Calling app_main()[0m
[0;32mI (310) main: Example configured to blink addressable LED![0m
[0;32mI (310) gpio: GPIO[16]| InputEn: 0| OutputEn: 1| OpenDrain: 0| Pullup: 1| Pulldown: 0| Intr:0 [0m

assert failed: populate_matrix main.c:103 (numbersSelected == NUM_SIM)


Backtrace: 0x40375976:0x3fc9adc0 0x4037ae65:0x3fc9ade0 0x40381bdd:0x3fc9ae00 0x4200863e:0x3fc9af20 0x42008655:0x3fc9af40 0x4201eb7f:0x3fc9af60 0x4037b90d:0x3fc9af90




ELF file SHA256: 39723d30a

Rebooting...
ESP-ROM:esp32s3-20210327
Build:Mar 27 2021
rst:0xc (RTC_SW_CPU_RST),boot:0x8 (SPI_FAST_FLASH_BOOT)
Saved PC:0x403758ec
SPIWP:0xee
mode:DIO, clock div:1
load:0x3fce3810,len:0x178c
load:0x403c9700,len:0x4
load:0x403c9704,len:0xcbc
load:0x403cc700,len:0x2d9c
entry 0x403c9914
[0;32mI (26) boot: ESP-IDF v5.2.2 2nd stage bootloader[0m
[0;32mI (26) boot: compile time Jul  7 2024 11:39:34[0m
[0;32mI (26) boot: Multicore bootloader[0m
[0;32mI (29) boot: chip revision: v0.2[0m
[0;32mI (33) boot.esp32s3: Boot SPI Speed : 80MHz[0m
[0;32mI (38) boot.esp32s3: SPI Mode       : DIO[0m
[0;32mI (43) boot.esp32s3: SPI Flash Size : 2MB[0m
[0;32mI (47) boot: Enabling RNG early entropy source...[0m
[0;32mI (53) boot: Partition Table:[0m
[0;32mI (56) boot: ## Label            Usage          Type ST Offset   Length[0m
[0;32mI (64) boot:  0 nvs              WiFi data        01 02 00009000 00006000[0m
[0;32mI (71) boot:  1 phy_init         RF data          01 01 0000f000 00001000[0m
[0;32mI (78) boot:  2 factory          factory app      00 00 00010000 00100000[0m
[0;32mI (86) boot: End of partition table[0m
[0;32mI (90) esp_image: segment 0: paddr=00010020 vaddr=3c020020 size=0c858h ( 51288) map[0m
[0;32mI (108) esp_image: segment 1: paddr=0001c880 vaddr=3fc93d00 size=02a0ch ( 10764) load[0m
[0;32mI (110) esp_image: segment 2: paddr=0001f294 vaddr=40374000 size=00d84h (  3460) load[0m
[0;32mI (116) esp_image: segment 3: paddr=00020020 vaddr=42000020 size=1fb60h (129888) map[0m
[0;32mI (147) esp_image: segment 4: paddr=0003fb88 vaddr=40374d84 size=0ee9ch ( 61084) load[0m
[0;32mI (167) boot: Loaded app from partition at offset 0x10000[0m
[0;32mI (168) boot: Disabling RNG early entropy source...[0m
[0;32mI (179) cpu_start: Multicore app[0m
[0;32mI (189) cpu_start: Pro cpu start user code[0m
[0;32mI (189) cpu_start: cpu freq: 160000000 Hz[0m
[0;32mI (189) cpu_start: Application information:[0m
[0;32mI (192) cpu_start: Project name:     ws2812b_lib[0m
[0;32mI (197) cpu_start: App version:      1[0m
[0;32mI (201) cpu_start: Compile time:     Jul  7 2024 12:10:10[0m
[0;32mI (208) cpu_start: ELF file SHA256:  39723d30a...[0m
[0;32mI (213) cpu_start: ESP-IDF:          v5.2.2[0m
[0;32mI (218) cpu_start: Min chip rev:     v0.0[0m
[0;32mI (222) cpu_start: Max chip rev:     v0.99 [0m
[0;32mI (227) cpu_start: Chip rev:         v0.2[0m
[0;32mI (232) heap_init: Initializing. RAM available for dynamic allocation:[0m
[0;32mI (239) heap_init: At 3FC972F0 len 00052420 (329 KiB): RAM[0m
[0;32mI (245) heap_init: At 3FCE9710 len 00005724 (21 KiB): RAM[0m
[0;32mI (251) heap_init: At 3FCF0000 len 00008000 (32 KiB): DRAM[0m
[0;32mI (258) heap_init: At 600FE010 len 00001FD8 (7 KiB): RTCRAM[0m
[0;32mI (265) spi_flash: detected chip: generic[0m
[0;32mI (269) spi_flash: flash io: dio[0m
[0;33mW (272) spi_flash: Detected size(16384k) larger than the size in the binary image header(2048k). Using the size in the binary image header.[0m
[0;32mI (286) sleep: Configure to isolate all GPIO pins in sleep state[0m
[0;32mI (293) sleep: Enable automatic switching of GPIO sleep configuration[0m
[0;32mI (300) main_task: Started on CPU0[0m
[0;32mI (310) main_task: Calling app_main()[0m
[0;32mI (310) main: Example configured to blink addressable LED![0m
[0;32mI (310) gpio: GPIO[16]| InputEn: 0| OutputEn: 1| OpenDrain: 0| Pullup: 1| Pulldown: 0| Intr:0 [0m

assert failed: populate_matrix main.c:103 (numbersSelected == NUM_SIM)


Backtrace: 0x40375976:0x3fc9adc0 0x4037ae65:0x3fc9ade0 0x40381bdd:0x3fc9ae00 0x4200863e:0x3fc9af20 0x42008655:0x3fc9af40 0x4201eb7f:0x3fc9af60 0x4037b90d:0x3fc9af90




ELF file SHA256: 39723d30a

Rebooting...
ESP-ROM:esp32s3-20210327
Build:Mar 27 2021
rst:0xc (RTC_SW_CPU_RST),boot:0x8 (SPI_FAST_FLASH_BOOT)
Saved PC:0x403758ec
SPIWP:0xee
mode:DIO, clock div:1
load:0x3fce3810,len:0x178c
load:0x403c9700,len:0x4
load:0x403c9704,len:0xcbc
load:0x403cc700,len:0x2d9c
entry 0x403c9914
[0;32mI (26) boot: ESP-IDF v5.2.2 2nd stage bootloader[0m
[0;32mI (26) boot: compile time Jul  7 2024 11:39:34[0m
[0;32mI (26) boot: Multicore bootloader[0m
[0;32mI (29) boot: chip revision: v0.2[0m
[0;32mI (33) boot.esp32s3: Boot SPI Speed : 80MHz[0m
[0;32mI (38) boot.esp32s3: SPI Mode       : DIO[0m
[0;32mI (43) boot.esp32s3: SPI Flash Size : 2MB[0m
[0;32mI (47) boot: Enabling RNG early entropy source...[0m
[0;32mI (53) boot: Partition Table:[0m
[0;32mI (56) boot: ## Label            Usage          Type ST Offset   Length[0m
[0;32mI (64) boot:  0 nvs              WiFi data        01 02 00009000 00006000[0m
[0;32mI (71) boot:  1 phy_init         RF data          01 01 0000f000 00001000[0m
[0;32mI (78) boot:  2 factory          factory app      00 00 00010000 00100000[0m
[0;32mI (86) boot: End of partition table[0m
[0;32mI (90) esp_image: segment 0: paddr=00010020 vaddr=3c020020 size=0c858h ( 51288) map[0m
[0;32mI (108) esp_image: segment 1: paddr=0001c880 vaddr=3fc93d00 size=02a0ch ( 10764) load[0m
[0;32mI (110) esp_image: segment 2: paddr=0001f294 vaddr=40374000 size=00d84h (  3460) load[0m
[0;32mI (116) esp_image: segment 3: paddr=00020020 vaddr=42000020 size=1fb60h (129888) map[0m
[0;32mI (147) esp_image: segment 4: paddr=0003fb88 vaddr=40374d84 size=0ee9ch ( 61084) load[0m
[0;32mI (167) boot: Loaded app from partition at offset 0x10000[0m
[0;32mI (168) boot: Disabling RNG early entropy source...[0m
[0;32mI (179) cpu_start: Multicore app[0m
[0;32mI (189) cpu_start: Pro cpu start user code[0m
[0;32mI (189) cpu_start: cpu freq: 160000000 Hz[0m
[0;32mI (189) cpu_start: Application information:[0m
[0;32mI (192) cpu_start: Project name:     ws2812b_lib[0m
[0;32mI (197) cpu_start: App version:      1[0m
[0;32mI (201) cpu_start: Compile time:     Jul  7 2024 12:10:10[0m
[0;32mI (208) cpu_start: ELF file SHA256:  39723d30a...[0m
[0;32mI (213) cpu_start: ESP-IDF:          v5.2.2[0m
[0;32mI (218) cpu_start: Min chip rev:     v0.0[0m
[0;32mI (222) cpu_start: Max chip rev:     v0.99 [0m
[0;32mI (227) cpu_start: Chip rev:         v0.2[0m
[0;32mI (232) heap_init: Initializing. RAM available for dynamic allocation:[0m
[0;32mI (239) heap_init: At 3FC972F0 len 00052420 (329 KiB): RAM[0m
[0;32mI (245) heap_init: At 3FCE9710 len 00005724 (21 KiB): RAM[0m
[0;32mI (251) heap_init: At 3FCF0000 len 00008000 (32 KiB): DRAM[0m
[0;32mI (258) heap_init: At 600FE010 len 00001FD8 (7 KiB): RTCRAM[0m
[0;32mI (265) spi_flash: detected chip: generic[0m
[0;32mI (269) spi_flash: flash io: dio[0m
[0;33mW (272) spi_flash: Detected size(16384k) larger than the size in the binary image header(2048k). Using the size in the binary image header.[0m
[0;32mI (286) sleep: Configure to isolate all GPIO pins in sleep state[0m
[0;32mI (293) sleep: Enable automatic switching of GPIO sleep configuration[0m
[0;32mI (300) main_task: Started on CPU0[0m
[0;32mI (310) main_task: Calling app_main()[0m
[0;32mI (310) main: Example configured to blink addressable LED![0m
[0;32mI (310) gpio: GPIO[16]| InputEn: 0| OutputEn: 1| OpenDrain: 0| Pullup: 1| Pulldown: 0| Intr:0 [0m

assert failed: populate_matrix main.c:103 (numbersSelected == NUM_SIM)


Backtrace: 0x40375976:0x3fc9adc0 0x4037ae65:0x3fc9ade0 0x40381bdd:0x3fc9ae00 0x4200863e:0x3fc9af20 0x42008655:0x3fc9af40 0x4201eb7f:0x3fc9af60 0x4037b90d:0x3fc9af90




ELF file SHA256: 39723d30a

Rebooting...
ESP-ROM:esp32s3-20210327
Build:Mar 27 2021
rst:0xc (RTC_SW_CPU_RST),boot:0x8 (SPI_FAST_FLASH_BOOT)
Saved PC:0x403758ec
SPIWP:0xee
mode:DIO, clock div:1
load:0x3fce3810,len:0x178c
load:0x403c9700,len:0x4
load:0x403c9704,len:0xcbc
load:0x403cc700,len:0x2d9c
entry 0x403c9914
[0;32mI (26) boot: ESP-IDF v5.2.2 2nd stage bootloader[0m
[0;32mI (26) boot: compile time Jul  7 2024 11:39:34[0m
[0;32mI (26) boot: Multicore bootloader[0m
[0;32mI (29) boot: chip revision: v0.2[0m
[0;32mI (33) boot.esp32s3: Boot SPI Speed : 80MHz[0m
[0;32mI (38) boot.esp32s3: SPI Mode       : DIO[0m
[0;32mI (43) boot.esp32s3: SPI Flash Size : 2MB[0m
[0;32mI (47) boot: Enabling RNG early entropy source...[0m
[0;32mI (53) boot: Partition Table:[0m
[0;32mI (56) boot: ## Label            Usage          Type ST Offset   Length[0m
[0;32mI (64) boot:  0 nvs              WiFi data        01 02 00009000 00006000[0m
[0;32mI (71) boot:  1 phy_init         RF data          01 01 0000f000 00001000[0m
[0;32mI (78) boot:  2 factory          factory app      00 00 00010000 00100000[0m
[0;32mI (86) boot: End of partition table[0m
[0;32mI (90) esp_image: segment 0: paddr=00010020 vaddr=3c020020 size=0c858h ( 51288) map[0m
[0;32mI (108) esp_image: segment 1: paddr=0001c880 vaddr=3fc93d00 size=02a0ch ( 10764) load[0m
[0;32mI (110) esp_image: segment 2: paddr=0001f294 vaddr=40374000 size=00d84h (  3460) load[0m
[0;32mI (116) esp_image: segment 3: paddr=00020020 vaddr=42000020 size=1fb60h (129888) map[0m
[0;32mI (147) esp_image: segment 4: paddr=0003fb88 vaddr=40374d84 size=0ee9ch ( 61084) load[0m
[0;32mI (167) boot: Loaded app from partition at offset 0x10000[0m
[0;32mI (168) boot: Disabling RNG early entropy source...[0m
[0;32mI (179) cpu_start: Multicore app[0m
[0;32mI (189) cpu_start: Pro cpu start user code[0m
[0;32mI (189) cpu_start: cpu freq: 160000000 Hz[0m
[0;32mI (189) cpu_start: Application information:[0m
[0;32mI (192) cpu_start: Project name:     ws2812b_lib[0m
[0;32mI (197) cpu_start: App version:      1[0m
[0;32mI (202) cpu_start: Compile time:     Jul  7 2024 12:10:10[0m
[0;32mI (208) cpu_start: ELF file SHA256:  39723d30a...[0m
[0;32mI (213) cpu_start: ESP-IDF:          v5.2.2[0m
[0;32mI (218) cpu_start: Min chip rev:     v0.0[0m
[0;32mI (223) cpu_start: Max chip rev:     v0.99 [0m
[0;32mI (227) cpu_start: Chip rev:         v0.2[0m
[0;32mI (232) heap_init: Initializing. RAM available for dynamic allocation:[0m
[0;32mI (239) heap_init: At 3FC972F0 len 00052420 (329 KiB): RAM[0m
[0;32mI (245) heap_init: At 3FCE9710 len 00005724 (21 KiB): RAM[0m
[0;32mI (252) heap_init: At 3FCF0000 len 00008000 (32 KiB): DRAM[0m
[0;32mI (258) heap_init: At 600FE010 len 00001FD8 (7 KiB): RTCRAM[0m
[0;32mI (265) spi_flash: detected chip: generic[0m
[0;32mI (269) spi_flash: flash io: dio[0m
[0;33mW (273) spi_flash: Detected size(16384k) larger than the size in the binary image header(2048k). Using the size in the binary image header.[0m
[0;32mI (286) sleep: Configure to isolate all GPIO pins in sleep state[0m
[0;32mI (293) sleep: Enable automatic switching of GPIO sleep configuration[0m
[0;32mI (300) main_task: Started on CPU0[0m
[0;32mI (310) main_task: Calling app_main()[0m
[0;32mI (310) main: Example configured to blink addressable LED![0m
[0;32mI (310) gpio: GPIO[16]| InputEn: 0| OutputEn: 1| OpenDrain: 0| Pullup: 1| Pulldown: 0| Intr:0 [0m

assert failed: populate_matrix main.c:103 (numbersSelected == NUM_SIM)


Backtrace: 0x40375976:0x3fc9adc0 0x4037ae65:0x3fc9ade0 0x40381bdd:0x3fc9ae00 0x4200863e:0x3fc9af20 0x42008655:0x3fc9af40 0x4201eb7f:0x3fc9af60 0x4037b90d:0x3fc9af90




ELF file SHA256: 39723d30a

Rebooting...
ESP-ROM:esp32s3-20210327
Build:Mar 27 2021
rst:0xc (RTC_SW_CPU_RST),boot:0x8 (SPI_FAST_FLASH_BOOT)
Saved PC:0x403758ec
SPIWP:0xee
mode:DIO, clock div:1
load:0x3fce3810,len:0x178c
load:0x403c9700,len:0x4
load:0x403c9704,len:0xcbc
load:0x403cc700,len:0x2d9c
entry 0x403c9914
[0;32mI (26) boot: ESP-IDF v5.2.2 2nd stage bootloader[0m
[0;32mI (26) boot: compile time Jul  7 2024 11:39:34[0m
[0;32mI (26) boot: Multicore bootloader[0m
[0;32mI (29) boot: chip revision: v0.2[0m
[0;32mI (33) boot.esp32s3: Boot SPI Speed : 80MHz[0m
[0;32mI (38) boot.esp32s3: SPI Mode       : DIO[0m
[0;32mI (43) boot.esp32s3: SPI Flash Size : 2MB[0m
[0;32mI (47) boot: Enabling RNG early entropy source...[0m
[0;32mI (53) boot: Partition Table:[0m
[0;32mI (56) boot: ## Label            Usage          Type ST Offset   Length[0m
[0;32mI (64) boot:  0 nvs              WiFi data        01 02 00009000 00006000[0m
[0;32mI (71) boot:  1 phy_init         RF data          01 01 0000f000 00001000[0m
[0;32mI (78) boot:  2 factory          factory app      00 00 00010000 00100000[0m
[0;32mI (86) boot: End of partition table[0m
[0;32mI (90) esp_image: segment 0: paddr=00010020 vaddr=3c020020 size=0c858h ( 51288) map[0m
[0;32mI (108) esp_image: segment 1: paddr=0001c880 vaddr=3fc93d00 size=02a0ch ( 10764) load[0m
[0;32mI (110) esp_image: segment 2: paddr=0001f294 vaddr=40374000 size=00d84h (  3460) load[0m
[0;32mI (116) esp_image: segment 3: paddr=00020020 vaddr=42000020 size=1fb60h (129888) map[0m
[0;32mI (147) esp_image: segment 4: paddr=0003fb88 vaddr=40374d84 size=0ee9ch ( 61084) load[0m
[0;32mI (167) boot: Loaded app from partition at offset 0x10000[0m
[0;32mI (168) boot: Disabling RNG early entropy source...[0m
[0;32mI (179) cpu_start: Multicore app[0m
[0;32mI (189) cpu_start: Pro cpu start user code[0m
[0;32mI (189) cpu_start: cpu freq: 160000000 Hz[0m
[0;32mI (189) cpu_start: Application information:[0m
[0;32mI (192) cpu_start: Project name:     ws2812b_lib[0m
[0;32mI (197) cpu_start: App version:      1[0m
[0;32mI (201) cpu_start: Compile time:     Jul  7 2024 12:10:10[0m
[0;32mI (208) cpu_start: ELF file SHA256:  39723d30a...[0m
[0;32mI (213) cpu_start: ESP-IDF:          v5.2.2[0m
[0;32mI (218) cpu_start: Min chip rev:     v0.0[0m
[0;32mI (222) cpu_start: Max chip rev:     v0.99 [0m
[0;32mI (227) cpu_start: Chip rev:         v0.2[0m
[0;32mI (232) heap_init: Initializing. RAM available for dynamic allocation:[0m
[0;32mI (239) heap_init: At 3FC972F0 len 00052420 (329 KiB): RAM[0m
[0;32mI (245) heap_init: At 3FCE9710 len 00005724 (21 KiB): RAM[0m
[0;32mI (251) heap_init: At 3FCF0000 len 00008000 (32 KiB): DRAM[0m
[0;32mI (258) heap_init: At 600FE010 len 00001FD8 (7 KiB): RTCRAM[0m
[0;32mI (265) spi_flash: detected chip: generic[0m
[0;32mI (269) spi_flash: flash io: dio[0m
[0;33mW (272) spi_flash: Detected size(16384k) larger than the size in the binary image header(2048k). Using the size in the binary image header.[0m
[0;32mI (286) sleep: Configure to isolate all GPIO pins in sleep state[0m
[0;32mI (293) sleep: Enable automatic switching of GPIO sleep configuration[0m
[0;32mI (300) main_task: Started on CPU0[0m
[0;32mI (310) main_task: Calling app_main()[0m
[0;32mI (310) main: Example configured to blink addressable LED![0m
[0;32mI (310) gpio: GPIO[16]| InputEn: 0| OutputEn: 1| OpenDrain: 0| Pullup: 1| Pulldown: 0| Intr:0 [0m

assert failed: populate_matrix main.c:103 (numbersSelected == NUM_SIM)


Backtrace: 0x40375976:0x3fc9adc0 0x4037ae65:0x3fc9ade0 0x40381bdd:0x3fc9ae00 0x4200863e:0x3fc9af20 0x42008655:0x3fc9af40 0x4201eb7f:0x3fc9af60 0x4037b90d:0x3fc9af90




ELF file SHA256: 39723d30a

Rebooting...
ESP-ROM:esp32s3-20210327
Build:Mar 27 2021
rst:0xc (RTC_SW_CPU_RST),boot:0x8 (SPI_FAST_FLASH_BOOT)
Saved PC:0x403758ec
SPIWP:0xee
mode:DIO, clock div:1
load:0x3fce3810,len:0x178c
load:0x403c9700,len:0x4
load:0x403c9704,len:0xcbc
load:0x403cc700,len:0x2d9c
entry 0x403c9914
[0;32mI (26) boot: ESP-IDF v5.2.2 2nd stage bootloader[0m
[0;32mI (26) boot: compile time Jul  7 2024 11:39:34[0m
[0;32mI (26) boot: Multicore bootloader[0m
[0;32mI (29) boot: chip revision: v0.2[0m
[0;32mI (33) boot.esp32s3: Boot SPI Speed : 80MHz[0m
[0;32mI (38) boot.esp32s3: SPI Mode       : DIO[0m
[0;32mI (43) boot.esp32s3: SPI Flash Size : 2MB[0m
[0;32mI (47) boot: Enabling RNG early entropy source...[0m
[0;32mI (53) boot: Partition Table:[0m
[0;32mI (56) boot: ## Label            Usage          Type ST Offset   Length[0m
[0;32mI (64) boot:  0 nvs              WiFi data        01 02 00009000 00006000[0m
[0;32mI (71) boot:  1 phy_init         RF data          01 01 0000f000 00001000[0m
[0;32mI (78) boot:  2 factory          factory app      00 00 00010000 00100000[0m
[0;32mI (86) boot: End of partition table[0m
[0;32mI (90) esp_image: segment 0: paddr=00010020 vaddr=3c020020 size=0c858h ( 51288) map[0m
[0;32mI (108) esp_image: segment 1: paddr=0001c880 vaddr=3fc93d00 size=02a0ch ( 10764) load[0m
[0;32mI (110) esp_image: segment 2: paddr=0001f294 vaddr=40374000 size=00d84h (  3460) load[0m
[0;32mI (116) esp_image: segment 3: paddr=00020020 vaddr=42000020 size=1fb60h (129888) map[0m
[0;32mI (147) esp_image: segment 4: paddr=0003fb88 vaddr=40374d84 size=0ee9ch ( 61084) load[0m
[0;32mI (167) boot: Loaded app from partition at offset 0x10000[0m
[0;32mI (168) boot: Disabling RNG early entropy source...[0m
[0;32mI (179) cpu_start: Multicore app[0m
[0;32mI (189) cpu_start: Pro cpu start user code[0m
[0;32mI (189) cpu_start: cpu freq: 160000000 Hz[0m
[0;32mI (189) cpu_start: Application information:[0m
[0;32mI (192) cpu_start: Project name:     ws2812b_lib[0m
[0;32mI (197) cpu_start: App version:      1[0m
[0;32mI (201) cpu_start: Compile time:     Jul  7 2024 12:10:10[0m
[0;32mI (208) cpu_start: ELF file SHA256:  39723d30a...[0m
[0;32mI (213) cpu_start: ESP-IDF:          v5.2.2[0m
[0;32mI (218) cpu_start: Min chip rev:     v0.0[0m
[0;32mI (222) cpu_start: Max chip rev:     v0.99 [0m
[0;32mI (227) cpu_start: Chip rev:         v0.2[0m
[0;32mI (232) heap_init: Initializing. RAM available for dynamic allocation:[0m
[0;32mI (239) heap_init: At 3FC972F0 len 00052420 (329 KiB): RAM[0m
[0;32mI (245) heap_init: At 3FCE9710 len 00005724 (21 KiB): RAM[0m
[0;32mI (251) heap_init: At 3FCF0000 len 00008000 (32 KiB): DRAM[0m
[0;32mI (258) heap_init: At 600FE010 len 00001FD8 (7 KiB): RTCRAM[0m
[0;32mI (265) spi_flash: detected chip: generic[0m
[0;32mI (269) spi_flash: flash io: dio[0m
[0;33mW (272) spi_flash: Detected size(16384k) larger than the size in the binary image header(2048k). Using the size in the binary image header.[0m
[0;32mI (286) sleep: Configure to isolate all GPIO pins in sleep state[0m
[0;32mI (293) sleep: Enable automatic switching of GPIO sleep configuration[0m
[0;32mI (300) main_task: Started on CPU0[0m
[0;32mI (310) main_task: Calling app_main()[0m
[0;32mI (310) main: Example configured to blink addressable LED![0m
[0;32mI (310) gpio: GPIO[16]| InputEn: 0| OutputEn: 1| OpenDrain: 0| Pullup: 1| Pulldown: 0| Intr:0 [0m

assert failed: populate_matrix main.c:103 (numbersSelected == NUM_SIM)


Backtrace: 0x40375976:0x3fc9adc0 0x4037ae65:0x3fc9ade0 0x40381bdd:0x3fc9ae00 0x4200863e:0x3fc9af20 0x42008655:0x3fc9af40 0x4201eb7f:0x3fc9af60 0x4037b90d:0x3fc9af90




ELF file SHA256: 39723d30a

Rebooting...
ESP-ROM:esp32s3-20210327
Build:Mar 27 2021
rst:0xc (RTC_SW_CPU_RST),boot:0x8 (SPI_FAST_FLASH_BOOT)
Saved PC:0x403758ec
SPIWP:0xee
mode:DIO, clock div:1
load:0x3fce3810,len:0x178c
load:0x403c9700,len:0x4
load:0x403c9704,len:0xcbc
load:0x403cc700,len:0x2d9c
entry 0x403c9914
[0;32mI (26) boot: ESP-IDF v5.2.2 2nd stage bootloader[0m
[0;32mI (26) boot: compile time Jul  7 2024 11:39:34[0m
[0;32mI (26) boot: Multicore bootloader[0m
[0;32mI (29) boot: chip revision: v0.2[0m
[0;32mI (33) boot.esp32s3: Boot SPI Speed : 80MHz[0m
[0;32mI (38) boot.esp32s3: SPI Mode       : DIO[0m
[0;32mI (43) boot.esp32s3: SPI Flash Size : 2MB[0m
[0;32mI (47) boot: Enabling RNG early entropy source...[0m
[0;32mI (53) boot: Partition Table:[0m
[0;32mI (56) boot: ## Label            Usage          Type ST Offset   Length[0m
[0;32mI (64) boot:  0 nvs              WiFi data        01 02 00009000 00006000[0m
[0;32mI (71) boot:  1 phy_init         RF data          01 01 0000f000 00001000[0m
[0;32mI (78) boot:  2 factory          factory app      00 00 00010000 00100000[0m
[0;32mI (86) boot: End of partition table[0m
[0;32mI (90) esp_image: segment 0: paddr=00010020 vaddr=3c020020 size=0c858h ( 51288) map[0m
[0;32mI (108) esp_image: segment 1: paddr=0001c880 vaddr=3fc93d00 size=02a0ch ( 10764) load[0m
[0;32mI (110) esp_image: segment 2: paddr=0001f294 vaddr=40374000 size=00d84h (  3460) load[0m
[0;32mI (116) esp_image: segment 3: paddr=00020020 vaddr=42000020 size=1fb60h (129888) map[0m
[0;32mI (147) esp_image: segment 4: paddr=0003fb88 vaddr=40374d84 size=0ee9ch ( 61084) load[0m
[0;32mI (167) boot: Loaded app from partition at offset 0x10000[0m
[0;32mI (168) boot: Disabling RNG early entropy source...[0m
[0;32mI (179) cpu_start: Multicore app[0m
[0;32mI (189) cpu_start: Pro cpu start user code[0m
[0;32mI (189) cpu_start: cpu freq: 160000000 Hz[0m
[0;32mI (189) cpu_start: Application information:[0m
[0;32mI (192) cpu_start: Project name:     ws2812b_lib[0m
[0;32mI (197) cpu_start: App version:      1[0m
[0;32mI (201) cpu_start: Compile time:     Jul  7 2024 12:10:10[0m
[0;32mI (208) cpu_start: ELF file SHA256:  39723d30a...[0m
[0;32mI (213) cpu_start: ESP-IDF:          v5.2.2[0m
[0;32mI (218) cpu_start: Min chip rev:     v0.0[0m
[0;32mI (222) cpu_start: Max chip rev:     v0.99 [0m
[0;32mI (227) cpu_start: Chip rev:         v0.2[0m
[0;32mI (232) heap_init: Initializing. RAM available for dynamic allocation:[0m
[0;32mI (239) heap_init: At 3FC972F0 len 00052420 (329 KiB): RAM[0m
[0;32mI (245) heap_init: At 3FCE9710 len 00005724 (21 KiB): RAM[0m
[0;32mI (251) heap_init: At 3FCF0000 len 00008000 (32 KiB): DRAM[0m
[0;32mI (258) heap_init: At 600FE010 len 00001FD8 (7 KiB): RTCRAM[0m
[0;32mI (265) spi_flash: detected chip: generic[0m
[0;32mI (269) spi_flash: flash io: dio[0m
[0;33mW (272) spi_flash: Detected size(16384k) larger than the size in the binary image header(2048k). Using the size in the binary image header.[0m
[0;32mI (286) sleep: Configure to isolate all GPIO pins in sleep state[0m
[0;32mI (293) sleep: Enable automatic switching of GPIO sleep configuration[0m
[0;32mI (300) main_task: Started on CPU0[0m
[0;32mI (310) main_task: Calling app_main()[0m
[0;32mI (310) main: Example configured to blink addressable LED![0m
[0;32mI (310) gpio: GPIO[16]| InputEn: 0| OutputEn: 1| OpenDrain: 0| Pullup: 1| Pulldown: 0| Intr:0 [0m

assert failed: populate_matrix main.c:103 (numbersSelected == NUM_SIM)


Backtrace: 0x40375976:0x3fc9adc0 0x4037ae65:0x3fc9ade0 0x40381bdd:0x3fc9ae00 0x4200863e:0x3fc9af20 0x42008655:0x3fc9af40 0x4201eb7f:0x3fc9af60 0x4037b90d:0x3fc9af90




ELF file SHA256: 39723d30a

Rebooting...
ESP-ROM:esp32s3-20210327
Build:Mar 27 2021
rst:0xc (RTC_SW_CPU_RST),boot:0x8 (SPI_FAST_FLASH_BOOT)
Saved PC:0x403758ec
SPIWP:0xee
mode:DIO, clock div:1
load:0x3fce3810,len:0x178c
load:0x403c9700,len:0x4
load:0x403c9704,len:0xcbc
load:0x403cc700,len:0x2d9c
entry 0x403c9914
[0;32mI (26) boot: ESP-IDF v5.2.2 2nd stage bootloader[0m
[0;32mI (26) boot: compile time Jul  7 2024 11:39:34[0m
[0;32mI (26) boot: Multicore bootloader[0m
[0;32mI (29) boot: chip revision: v0.2[0m
[0;32mI (33) boot.esp32s3: Boot SPI Speed : 80MHz[0m
[0;32mI (38) boot.esp32s3: SPI Mode       : DIO[0m
[0;32mI (43) boot.esp32s3: SPI Flash Size : 2MB[0m
[0;32mI (47) boot: Enabling RNG early entropy source...[0m
[0;32mI (53) boot: Partition Table:[0m
[0;32mI (56) boot: ## Label            Usage          Type ST Offset   Length[0m
[0;32mI (64) boot:  0 nvs              WiFi data        01 02 00009000 00006000[0m
[0;32mI (71) boot:  1 phy_init         RF data          01 01 0000f000 00001000[0m
[0;32mI (78) boot:  2 factory          factory app      00 00 00010000 00100000[0m
[0;32mI (86) boot: End of partition table[0m
[0;32mI (90) esp_image: segment 0: paddr=00010020 vaddr=3c020020 size=0c858h ( 51288) map[0m
[0;32mI (108) esp_image: segment 1: paddr=0001c880 vaddr=3fc93d00 size=02a0ch ( 10764) load[0m
[0;32mI (110) esp_image: segment 2: paddr=0001f294 vaddr=40374000 size=00d84h (  3460) load[0m
[0;32mI (116) esp_image: segment 3: paddr=00020020 vaddr=42000020 size=1fb60h (129888) map[0m
[0;32mI (147) esp_image: segment 4: paddr=0003fb88 vaddr=40374d84 size=0ee9ch ( 61084) load[0m
[0;32mI (167) boot: Loaded app from partition at offset 0x10000[0m
[0;32mI (168) boot: Disabling RNG early entropy source...[0m
[0;32mI (179) cpu_start: Multicore app[0m
[0;32mI (189) cpu_start: Pro cpu start user code[0m
[0;32mI (189) cpu_start: cpu freq: 160000000 Hz[0m
[0;32mI (189) cpu_start: Application information:[0m
[0;32mI (192) cpu_start: Project name:     ws2812b_lib[0m
[0;32mI (197) cpu_start: App version:      1[0m
[0;32mI (201) cpu_start: Compile time:     Jul  7 2024 12:10:10[0m
[0;32mI (208) cpu_start: ELF file SHA256:  39723d30a...[0m
[0;32mI (213) cpu_start: ESP-IDF:          v5.2.2[0m
[0;32mI (218) cpu_start: Min chip rev:     v0.0[0m
[0;32mI (222) cpu_start: Max chip rev:     v0.99 [0m
[0;32mI (227) cpu_start: Chip rev:         v0.2[0m
[0;32mI (232) heap_init: Initializing. RAM available for dynamic allocation:[0m
[0;32mI (239) heap_init: At 3FC972F0 len 00052420 (329 KiB): RAM[0m
[0;32mI (245) heap_init: At 3FCE9710 len 00005724 (21 KiB): RAM[0m
[0;32mI (251) heap_init: At 3FCF0000 len 00008000 (32 KiB): DRAM[0m
[0;32mI (258) heap_init: At 600FE010 len 00001FD8 (7 KiB): RTCRAM[0m
[0;32mI (265) spi_flash: detected chip: generic[0m
[0;32mI (269) spi_flash: flash io: dio[0m
[0;33mW (272) spi_flash: Detected size(16384k) larger than the size in the binary image header(2048k). Using the size in the binary image header.[0m
[0;32mI (286) sleep: Configure to isolate all GPIO pins in sleep state[0m
[0;32mI (293) sleep: Enable automatic switching of GPIO sleep configuration[0m
[0;32mI (300) main_task: Started on CPU0[0m
[0;32mI (310) main_task: Calling app_main()[0m
[0;32mI (310) main: Example configured to blink addressable LED![0m
[0;32mI (310) gpio: GPIO[16]| InputEn: 0| OutputEn: 1| OpenDrain: 0| Pullup: 1| Pulldown: 0| Intr:0 [0m

assert failed: populate_matrix main.c:103 (numbersSelected == NUM_SIM)


Backtrace: 0x40375976:0x3fc9adc0 0x4037ae65:0x3fc9ade0 0x40381bdd:0x3fc9ae00 0x4200863e:0x3fc9af20 0x42008655:0x3fc9af40 0x4201eb7f:0x3fc9af60 0x4037b90d:0x3fc9af90




ELF file SHA256: 39723d30a

Rebooting...
ESP-ROM:esp32s3-20210327
Build:Mar 27 2021
rst:0xc (RTC_SW_CPU_RST),boot:0x8 (SPI_FAST_FLASH_BOOT)
Saved PC:0x403758ec
SPIWP:0xee
mode:DIO, clock div:1
load:0x3fce3810,len:0x178c
load:0x403c9700,len:0x4
load:0x403c9704,len:0xcbc
load:0x403cc700,len:0x2d9c
entry 0x403c9914
[0;32mI (26) boot: ESP-IDF v5.2.2 2nd stage bootloader[0m
[0;32mI (26) boot: compile time Jul  7 2024 11:39:34[0m
[0;32mI (26) boot: Multicore bootloader[0m
[0;32mI (29) boot: chip revision: v0.2[0m
[0;32mI (33) boot.esp32s3: Boot SPI Speed : 80MHz[0m
[0;32mI (38) boot.esp32s3: SPI Mode       : DIO[0m
[0;32mI (43) boot.esp32s3: SPI Flash Size : 2MB[0m
[0;32mI (47) boot: Enabling RNG early entropy source...[0m
[0;32mI (53) boot: Partition Table:[0m
[0;32mI (56) boot: ## Label            Usage          Type ST Offset   Length[0m
[0;32mI (64) boot:  0 nvs              WiFi data        01 02 00009000 00006000[0m
[0;32mI (71) boot:  1 phy_init         RF data          01 01 0000f000 00001000[0m
[0;32mI (78) boot:  2 factory          factory app      00 00 00010000 00100000[0m
[0;32mI (86) boot: End of partition table[0m
[0;32mI (90) esp_image: segment 0: paddr=00010020 vaddr=3c020020 size=0c858h ( 51288) map[0m
[0;32mI (108) esp_image: segment 1: paddr=0001c880 vaddr=3fc93d00 size=02a0ch ( 10764) load[0m
[0;32mI (110) esp_image: segment 2: paddr=0001f294 vaddr=40374000 size=00d84h (  3460) load[0m
[0;32mI (116) esp_image: segment 3: paddr=00020020 vaddr=42000020 size=1fb60h (129888) map[0m
[0;32mI (147) esp_image: segment 4: paddr=0003fb88 vaddr=40374d84 size=0ee9ch ( 61084) load[0m
[0;32mI (167) boot: Loaded app from partition at offset 0x10000[0m
[0;32mI (168) boot: Disabling RNG early entropy source...[0m
[0;32mI (179) cpu_start: Multicore app[0m
[0;32mI (189) cpu_start: Pro cpu start user code[0m
[0;32mI (189) cpu_start: cpu freq: 160000000 Hz[0m
[0;32mI (189) cpu_start: Application information:[0m
[0;32mI (192) cpu_start: Project name:     ws2812b_lib[0m
[0;32mI (197) cpu_start: App version:      1[0m
[0;32mI (201) cpu_start: Compile time:     Jul  7 2024 12:10:10[0m
[0;32mI (208) cpu_start: ELF file SHA256:  39723d30a...[0m
[0;32mI (213) cpu_start: ESP-IDF:          v5.2.2[0m
[0;32mI (218) cpu_start: Min chip rev:     v0.0[0m
[0;32mI (222) cpu_start: Max chip rev:     v0.99 [0m
[0;32mI (227) cpu_start: Chip rev:         v0.2[0m
[0;32mI (232) heap_init: Initializing. RAM available for dynamic allocation:[0m
[0;32mI (239) heap_init: At 3FC972F0 len 00052420 (329 KiB): RAM[0m
[0;32mI (245) heap_init: At 3FCE9710 len 00005724 (21 KiB): RAM[0m
[0;32mI (251) heap_init: At 3FCF0000 len 00008000 (32 KiB): DRAM[0m
[0;32mI (258) heap_init: At 600FE010 len 00001FD8 (7 KiB): RTCRAM[0m
[0;32mI (265) spi_flash: detected chip: generic[0m
[0;32mI (269) spi_flash: flash io: dio[0m
[0;33mW (272) spi_flash: Detected size(16384k) larger than the size in the binary image header(2048k). Using the size in the binary image header.[0m
[0;32mI (286) sleep: Configure to isolate all GPIO pins in sleep state[0m
[0;32mI (293) sleep: Enable automatic switching of GPIO sleep configuration[0m
[0;32mI (300) main_task: Started on CPU0[0m
[0;32mI (310) main_task: Calling app_main()[0m
[0;32mI (310) main: Example configured to blink addressable LED![0m
[0;32mI (310) gpio: GPIO[16]| InputEn: 0| OutputEn: 1| OpenDrain: 0| Pullup: 1| Pulldown: 0| Intr:0 [0m

assert failed: populate_matrix main.c:103 (numbersSelected == NUM_SIM)


Backtrace: 0x40375976:0x3fc9adc0 0x4037ae65:0x3fc9ade0 0x40381bdd:0x3fc9ae00 0x4200863e:0x3fc9af20 0x42008655:0x3fc9af40 0x4201eb7f:0x3fc9af60 0x4037b90d:0x3fc9af90




ELF file SHA256: 39723d30a

Rebooting...
ESP-ROM:esp32s3-20210327
Build:Mar 27 2021
rst:0xc (RTC_SW_CPU_RST),boot:0x8 (SPI_FAST_FLASH_BOOT)
Saved PC:0x403758ec
SPIWP:0xee
mode:DIO, clock div:1
load:0x3fce3810,len:0x178c
load:0x403c9700,len:0x4
load:0x403c9704,len:0xcbc
load:0x403cc700,len:0x2d9c
entry 0x403c9914
[0;32mI (26) boot: ESP-IDF v5.2.2 2nd stage bootloader[0m
[0;32mI (26) boot: compile time Jul  7 2024 11:39:34[0m
[0;32mI (26) boot: Multicore bootloader[0m
[0;32mI (29) boot: chip revision: v0.2[0m
[0;32mI (33) boot.esp32s3: Boot SPI Speed : 80MHz[0m
[0;32mI (38) boot.esp32s3: SPI Mode       : DIO[0m
[0;32mI (43) boot.esp32s3: SPI Flash Size : 2MB[0m
[0;32mI (47) boot: Enabling RNG early entropy source...[0m
[0;32mI (53) boot: Partition Table:[0m
[0;32mI (56) boot: ## Label            Usage          Type ST Offset   Length[0m
[0;32mI (64) boot:  0 nvs              WiFi data        01 02 00009000 00006000[0m
[0;32mI (71) boot:  1 phy_init         RF data          01 01 0000f000 00001000[0m
[0;32mI (78) boot:  2 factory          factory app      00 00 00010000 00100000[0m
[0;32mI (86) boot: End of partition table[0m
[0;32mI (90) esp_image: segment 0: paddr=00010020 vaddr=3c020020 size=0c858h ( 51288) map[0m
[0;32mI (108) esp_image: segment 1: paddr=0001c880 vaddr=3fc93d00 size=02a0ch ( 10764) load[0m
[0;32mI (110) esp_image: segment 2: paddr=0001f294 vaddr=40374000 size=00d84h (  3460) load[0m
[0;32mI (116) esp_image: segment 3: paddr=00020020 vaddr=42000020 size=1fb60h (129888) map[0m
[0;32mI (147) esp_image: segment 4: paddr=0003fb88 vaddr=40374d84 size=0ee9ch ( 61084) load[0m
[0;32mI (167) boot: Loaded app from partition at offset 0x10000[0m
[0;32mI (168) boot: Disabling RNG early entropy source...[0m
[0;32mI (179) cpu_start: Multicore app[0m
[0;32mI (189) cpu_start: Pro cpu start user code[0m
[0;32mI (189) cpu_start: cpu freq: 160000000 Hz[0m
[0;32mI (189) cpu_start: Application information:[0m
[0;32mI (192) cpu_start: Project name:     ws2812b_lib[0m
[0;32mI (197) cpu_start: App version:      1[0m
[0;32mI (201) cpu_start: Compile time:     Jul  7 2024 12:10:10[0m
[0;32mI (208) cpu_start: ELF file SHA256:  39723d30a...[0m
[0;32mI (213) cpu_start: ESP-IDF:          v5.2.2[0m
[0;32mI (218) cpu_start: Min chip rev:     v0.0[0m
[0;32mI (222) cpu_start: Max chip rev:     v0.99 [0m
[0;32mI (227) cpu_start: Chip rev:         v0.2[0m
[0;32mI (232) heap_init: Initializing. RAM available for dynamic allocation:[0m
[0;32mI (239) heap_init: At 3FC972F0 len 00052420 (329 KiB): RAM[0m
[0;32mI (245) heap_init: At 3FCE9710 len 00005724 (21 KiB): RAM[0m
[0;32mI (251) heap_init: At 3FCF0000 len 00008000 (32 KiB): DRAM[0m
[0;32mI (258) heap_init: At 600FE010 len 00001FD8 (7 KiB): RTCRAM[0m
[0;32mI (265) spi_flash: detected chip: generic[0m
[0;32mI (269) spi_flash: flash io: dio[0m
[0;33mW (272) spi_flash: Detected size(16384k) larger than the size in the binary image header(2048k). Using the size in the binary image header.[0m
[0;32mI (286) sleep: Configure to isolate all GPIO pins in sleep state[0m
[0;32mI (293) sleep: Enable automatic switching of GPIO sleep configuration[0m
[0;32mI (300) main_task: Started on CPU0[0m
[0;32mI (310) main_task: Calling app_main()[0m
[0;32mI (310) main: Example configured to blink addressable LED![0m
[0;32mI (310) gpio: GPIO[16]| InputEn: 0| OutputEn: 1| OpenDrain: 0| Pullup: 1| Pulldown: 0| Intr:0 [0m

assert failed: populate_matrix main.c:103 (numbersSelected == NUM_SIM)


Backtrace: 0x40375976:0x3fc9adc0 0x4037ae65:0x3fc9ade0 0x40381bdd:0x3fc9ae00 0x4200863e:0x3fc9af20 0x42008655:0x3fc9af40 0x4201eb7f:0x3fc9af60 0x4037b90d:0x3fc9af90




ELF file SHA256: 39723d30a

Rebooting...
ESP-ROM:esp32s3-20210327
Build:Mar 27 2021
rst:0xc (RTC_SW_CPU_RST),boot:0x8 (SPI_FAST_FLASH_BOOT)
Saved PC:0x403758ec
SPIWP:0xee
mode:DIO, clock div:1
load:0x3fce3810,len:0x178c
load:0x403c9700,len:0x4
load:0x403c9704,len:0xcbc
load:0x403cc700,len:0x2d9c
entry 0x403c9914
[0;32mI (26) boot: ESP-IDF v5.2.2 2nd stage bootloader[0m
[0;32mI (26) boot: compile time Jul  7 2024 11:39:34[0m
[0;32mI (26) boot: Multicore bootloader[0m
[0;32mI (29) boot: chip revision: v0.2[0m
[0;32mI (33) boot.esp32s3: Boot SPI Speed : 80MHz[0m
[0;32mI (38) boot.esp32s3: SPI Mode       : DIO[0m
[0;32mI (43) boot.esp32s3: SPI Flash Size : 2MB[0m
[0;32mI (47) boot: Enabling RNG early entropy source...[0m
[0;32mI (53) boot: Partition Table:[0m
[0;32mI (56) boot: ## Label            Usage          Type ST Offset   Length[0m
[0;32mI (64) boot:  0 nvs              WiFi data        01 02 00009000 00006000[0m
[0;32mI (71) boot:  1 phy_init         RF data          01 01 0000f000 00001000[0m
[0;32mI (78) boot:  2 factory          factory app      00 00 00010000 00100000[0m
[0;32mI (86) boot: End of partition table[0m
[0;32mI (90) esp_image: segment 0: paddr=00010020 vaddr=3c020020 size=0c858h ( 51288) map[0m
[0;32mI (108) esp_image: segment 1: paddr=0001c880 vaddr=3fc93d00 size=02a0ch ( 10764) load[0m
[0;32mI (110) esp_image: segment 2: paddr=0001f294 vaddr=40374000 size=00d84h (  3460) load[0m
[0;32mI (116) esp_image: segment 3: paddr=00020020 vaddr=42000020 size=1fb60h (129888) map[0m
[0;32mI (147) esp_image: segment 4: paddr=0003fb88 vaddr=40374d84 size=0ee9ch ( 61084) load[0m
[0;32mI (167) boot: Loaded app from partition at offset 0x10000[0m
[0;32mI (168) boot: Disabling RNG early entropy source...[0m
[0;32mI (179) cpu_start: Multicore app[0m
[0;32mI (189) cpu_start: Pro cpu start user code[0m
[0;32mI (189) cpu_start: cpu freq: 160000000 Hz[0m
[0;32mI (189) cpu_start: Application information:[0m
[0;32mI (192) cpu_start: Project name:     ws2812b_lib[0m
[0;32mI (197) cpu_start: App version:      1[0m
[0;32mI (201) cpu_start: Compile time:     Jul  7 2024 12:10:10[0m
[0;32mI (208) cpu_start: ELF file SHA256:  39723d30a...[0m
[0;32mI (213) cpu_start: ESP-IDF:          v5.2.2[0m
[0;32mI (218) cpu_start: Min chip rev:     v0.0[0m
[0;32mI (222) cpu_start: Max chip rev:     v0.99 [0m
[0;32mI (227) cpu_start: Chip rev:         v0.2[0m
[0;32mI (232) heap_init: Initializing. RAM available for dynamic allocation:[0m
[0;32mI (239) heap_init: At 3FC972F0 len 00052420 (329 KiB): RAM[0m
[0;32mI (245) heap_init: At 3FCE9710 len 00005724 (21 KiB): RAM[0m
[0;32mI (251) heap_init: At 3FCF0000 len 00008000 (32 KiB): DRAM[0m
[0;32mI (258) heap_init: At 600FE010 len 00001FD8 (7 KiB): RTCRAM[0m
[0;32mI (265) spi_flash: detected chip: generic[0m
[0;32mI (269) spi_flash: flash io: dio[0m
[0;33mW (272) spi_flash: Detected size(16384k) larger than the size in the binary image header(2048k). Using the size in the binary image header.[0m
[0;32mI (286) sleep: Configure to isolate all GPIO pins in sleep state[0m
[0;32mI (293) sleep: Enable automatic switching of GPIO sleep configuration[0m
[0;32mI (300) main_task: Started on CPU0[0m
[0;32mI (310) main_task: Calling app_main()[0m
[0;32mI (310) main: Example configured to blink addressable LED![0m
[0;32mI (310) gpio: GPIO[16]| InputEn: 0| OutputEn: 1| OpenDrain: 0| Pullup: 1| Pulldown: 0| Intr:0 [0m

assert failed: populate_matrix main.c:103 (numbersSelected == NUM_SIM)


Backtrace: 0x40375976:0x3fc9adc0 0x4037ae65:0x3fc9ade0 0x40381bdd:0x3fc9ae00 0x4200863e:0x3fc9af20 0x42008655:0x3fc9af40 0x4201eb7f:0x3fc9af60 0x4037b90d:0x3fc9af90




ELF file SHA256: 39723d30a

Rebooting...
ESP-ROM:esp32s3-20210327
Build:Mar 27 2021
rst:0xc (RTC_SW_CPU_RST),boot:0x8 (SPI_FAST_FLASH_BOOT)
Saved PC:0x403758ec
SPIWP:0xee
mode:DIO, clock div:1
load:0x3fce3810,len:0x178c
load:0x403c9700,len:0x4
load:0x403c9704,len:0xcbc
load:0x403cc700,len:0x2d9c
entry 0x403c9914
[0;32mI (26) boot: ESP-IDF v5.2.2 2nd stage bootloader[0m
[0;32mI (26) boot: compile time Jul  7 2024 11:39:34[0m
[0;32mI (26) boot: Multicore bootloader[0m
[0;32mI (29) boot: chip revision: v0.2[0m
[0;32mI (33) boot.esp32s3: Boot SPI Speed : 80MHz[0m
[0;32mI (38) boot.esp32s3: SPI Mode       : DIO[0m
[0;32mI (43) boot.esp32s3: SPI Flash Size : 2MB[0m
[0;32mI (47) boot: Enabling RNG early entropy source...[0m
[0;32mI (53) boot: Partition Table:[0m
[0;32mI (56) boot: ## Label            Usage          Type ST Offset   Length[0m
[0;32mI (64) boot:  0 nvs              WiFi data        01 02 00009000 00006000[0m
[0;32mI (71) boot:  1 phy_init         RF data          01 01 0000f000 00001000[0m
[0;32mI (78) boot:  2 factory          factory app      00 00 00010000 00100000[0m
[0;32mI (86) boot: End of partition table[0m
[0;32mI (90) esp_image: segment 0: paddr=00010020 vaddr=3c020020 size=0c858h ( 51288) map[0m
[0;32mI (108) esp_image: segment 1: paddr=0001c880 vaddr=3fc93d00 size=02a0ch ( 10764) load[0m
[0;32mI (110) esp_image: segment 2: paddr=0001f294 vaddr=40374000 size=00d84h (  3460) load[0m
[0;32mI (116) esp_image: segment 3: paddr=00020020 vaddr=42000020 size=1fb60h (129888) map[0m
[0;32mI (147) esp_image: segment 4: paddr=0003fb88 vaddr=40374d84 size=0ee9ch ( 61084) load[0m
[0;32mI (167) boot: Loaded app from partition at offset 0x10000[0m
[0;32mI (168) boot: Disabling RNG early entropy source...[0m
[0;32mI (179) cpu_start: Multicore app[0m
[0;32mI (189) cpu_start: Pro cpu start user code[0m
[0;32mI (189) cpu_start: cpu freq: 160000000 Hz[0m
[0;32mI (189) cpu_start: Application information:[0m
[0;32mI (192) cpu_start: Project name:     ws2812b_lib[0m
[0;32mI (197) cpu_start: App version:      1[0m
[0;32mI (202) cpu_start: Compile time:     Jul  7 2024 12:10:10[0m
[0;32mI (208) cpu_start: ELF file SHA256:  39723d30a...[0m
[0;32mI (213) cpu_start: ESP-IDF:          v5.2.2[0m
[0;32mI (218) cpu_start: Min chip rev:     v0.0[0m
[0;32mI (223) cpu_start: Max chip rev:     v0.99 [0m
[0;32mI (227) cpu_start: Chip rev:         v0.2[0m
[0;32mI (232) heap_init: Initializing. RAM available for dynamic allocation:[0m
[0;32mI (239) heap_init: At 3FC972F0 len 00052420 (329 KiB): RAM[0m
[0;32mI (245) heap_init: At 3FCE9710 len 00005724 (21 KiB): RAM[0m
[0;32mI (252) heap_init: At 3FCF0000 len 00008000 (32 KiB): DRAM[0m
[0;32mI (258) heap_init: At 600FE010 len 00001FD8 (7 KiB): RTCRAM[0m
[0;32mI (265) spi_flash: detected chip: generic[0m
[0;32mI (269) spi_flash: flash io: dio[0m
[0;33mW (273) spi_flash: Detected size(16384k) larger than the size in the binary image header(2048k). Using the size in the binary image header.[0m
